┏━━━━━━━━━━━━━━━━━━━━━━┳━━━━━━━━━━┳━━━━━━━━━━┳━━━━━━━━━━┳━━━━━━━━━━┳━━━━━━━━━━━┳━━━━━━━━━━┳━━━━━━━━━━━┳━━━━━━━━━━┳━━━━━━━━━━━┳━━━━━━━━━━┳━━━━━━━━━━━┳━━━━━━━━━━┓
┃                      ┃ Hold     ┃ Reg to   ┃          ┃          ┃ of which  ┃ Setup    ┃           ┃          ┃           ┃ of which ┃           ┃          ┃
┃                      ┃ Worst    ┃ Reg      ┃          ┃ Hold Vio ┃ reg to    ┃ Worst    ┃ Reg to    ┃ Setup    ┃ Setup Vio ┃ reg to   ┃ Max Cap   ┃ Max Slew ┃
┃ Corner/Group         ┃ Slack    ┃ Paths    ┃ Hold TNS ┃ Count    ┃ reg       ┃ Slack    ┃ Reg Paths ┃ TNS      ┃ Count     ┃ reg      ┃ Violatio… ┃ Violati… ┃
┡━━━━━━━━━━━━━━━━━━━━━━╇━━━━━━━━━━╇━━━━━━━━━━╇━━━━━━━━━━╇━━━━━━━━━━╇━━━━━━━━━━━╇━━━━━━━━━━╇━━━━━━━━━━━╇━━━━━━━━━━╇━━━━━━━━━━━╇━━━━━━━━━━╇━━━━━━━━━━━╇━━━━━━━━━━┩
│ Overall              │ 0.1154   │ 0.1154   │ 0.0000   │ 0        │ 0         │ 56.2363  │ 56.2363   │ 0.0000   │ 0         │ 0        │ 46        │ 2357     │
│ nom_tt_025C_1v80     │ 0.3291   │ 0.3291   │ 0.0000   │ 0        │ 0         │ 73.1279  │ 82.0361   │ 0.0000   │ 0         │ 0        │ 15        │ 66       │
│ nom_ss_100C_1v60     │ 0.8875   │ 0.8875   │ 0.0000   │ 0        │ 0         │ 57.4035  │ 57.4035   │ 0.0000   │ 0         │ 0        │ 16        │ 1520     │
│ nom_ff_n40C_1v95     │ 0.1182   │ 0.1182   │ 0.0000   │ 0        │ 0         │ 75.6334  │ 88.6809   │ 0.0000   │ 0         │ 0        │ 16        │ 0        │
│ min_tt_025C_1v80     │ 0.3252   │ 0.3252   │ 0.0000   │ 0        │ 0         │ 73.3572  │ 82.6294   │ 0.0000   │ 0         │ 0        │ 4         │ 66       │
│ min_ss_100C_1v60     │ 0.8809   │ 0.8809   │ 0.0000   │ 0        │ 0         │ 58.6295  │ 58.6295   │ 0.0000   │ 0         │ 0        │ 4         │ 682      │
│ min_ff_n40C_1v95     │ 0.1154   │ 0.1154   │ 0.0000   │ 0        │ 0         │ 75.7895  │ 89.0773   │ 0.0000   │ 0         │ 0        │ 4         │ 0        │
│ max_tt_025C_1v80     │ 0.3346   │ 0.3346   │ 0.0000   │ 0        │ 0         │ 72.9197  │ 81.4314   │ 0.0000   │ 0         │ 0        │ 42        │ 133      │
│ max_ss_100C_1v60     │ 0.8964   │ 0.8964   │ 0.0000   │ 0        │ 0         │ 56.2363  │ 56.2363   │ 0.0000   │ 0         │ 0        │ 46        │ 2357     │
│ max_ff_n40C_1v95     │ 0.1223   │ 0.1223   │ 0.0000   │ 0        │ 0         │ 75.4863  │ 88.2587   │ 0.0000   │ 0         │ 0        │ 42        │ 0        │
└──────────────────────┴──────────┴──────────┴──────────┴──────────┴───────────┴──────────┴───────────┴──────────┴───────────┴──────────┴───────────┴──────────┘
