
===========================================================================
 report_power
============================================================================
======================= nom_ff_n40C_1v95 Corner ===================================

Group                    Internal    Switching      Leakage        Total
                            Power        Power        Power        Power (Watts)
------------------------------------------------------------------------
Sequential           5.380934e-03 2.129700e-03 6.415654e-08 7.510698e-03  19.7%
Combinational        7.792281e-03 1.922072e-02 2.157180e-07 2.701322e-02  71.0%
Clock                1.565173e-03 1.963027e-03 6.326367e-08 3.528263e-03   9.3%
Macro                0.000000e+00 0.000000e+00 0.000000e+00 0.000000e+00   0.0%
Pad                  0.000000e+00 0.000000e+00 0.000000e+00 0.000000e+00   0.0%
------------------------------------------------------------------------
Total                1.473849e-02 2.331344e-02 3.431337e-07 3.805227e-02 100.0%
                            38.7%        61.3%         0.0%

