Clock: clk
Sources: clk 
Generated: no
Virtual: yes
Propagated: no
Period: 100.000000

===========================================================================
report_clock_properties
============================================================================
Clock                   Period          Waveform
----------------------------------------------------
clk                 100.000000    0.000000 50.000000

===========================================================================
report_clock_latency
============================================================================
Clock clk
rise -> rise
    min     max
0.000000 0.000000 source latency
2.094404         network latency _11439_/CLK
        2.512590 network latency _12628_/CLK
---------------
2.094404 2.512590 latency
        0.418187 skew

rise -> fall
    min     max
0.000000 0.000000 source latency
2.192309         network latency _11955_/CLK
        2.691162 network latency _12398_/CLK
---------------
2.192309 2.691162 latency
        0.498853 skew

fall -> rise
    min     max
0.000000 0.000000 source latency
1.775884         network latency _11955_/CLK
        2.153943 network latency _11873_/CLK
---------------
1.775884 2.153943 latency
        0.378058 skew

fall -> fall
    min     max
0.000000 0.000000 source latency
1.679592         network latency _11439_/CLK
        1.979270 network latency _12628_/CLK
---------------
1.679592 1.979270 latency
        0.299679 skew



===========================================================================
report_clock_min_period
============================================================================
clk period_min = 33.93 fmax = 29.47
