
===========================================================================
 report_power
============================================================================
======================= nom_tt_025C_1v80 Corner ===================================

Group                    Internal    Switching      Leakage        Total
                            Power        Power        Power        Power (Watts)
------------------------------------------------------------------------
Sequential           5.130402e-04 2.838667e-06 1.612427e-08 5.158950e-04  57.6%
Combinational        2.754771e-05 4.320524e-05 3.125999e-08 7.078420e-05   7.9%
Clock                1.230820e-04 1.865122e-04 3.586804e-09 3.095978e-04  34.5%
Macro                0.000000e+00 0.000000e+00 0.000000e+00 0.000000e+00   0.0%
Pad                  0.000000e+00 0.000000e+00 0.000000e+00 0.000000e+00   0.0%
------------------------------------------------------------------------
Total                6.636694e-04 2.325560e-04 5.097051e-08 8.962764e-04 100.0%
                            74.0%        25.9%         0.0%

