
===========================================================================
 report_power
============================================================================
======================= nom_ff_n40C_1v95 Corner ===================================

Group                    Internal    Switching      Leakage        Total
                            Power        Power        Power        Power (Watts)
------------------------------------------------------------------------
Sequential           7.347582e-04 3.541681e-05 2.618117e-08 7.702012e-04  14.3%
Combinational        1.159761e-03 3.043115e-03 9.676147e-08 4.202972e-03  78.2%
Clock                1.375378e-04 2.607554e-04 1.166123e-08 3.983049e-04   7.4%
Macro                0.000000e+00 0.000000e+00 0.000000e+00 0.000000e+00   0.0%
Pad                  0.000000e+00 0.000000e+00 0.000000e+00 0.000000e+00   0.0%
------------------------------------------------------------------------
Total                2.032050e-03 3.339290e-03 1.346062e-07 5.371475e-03 100.0%
                            37.8%        62.2%         0.0%

