
===========================================================================
 report_power
============================================================================
======================= nom_ss_100C_1v60 Corner ===================================

Group                    Internal    Switching      Leakage        Total
                            Power        Power        Power        Power (Watts)
------------------------------------------------------------------------
Sequential           3.606096e-03 1.438236e-03 6.170721e-05 5.106039e-03  19.5%
Combinational        5.674964e-03 1.291435e-02 1.237153e-04 1.871303e-02  71.3%
Clock                1.119776e-03 1.285277e-03 7.347349e-06 2.412401e-03   9.2%
Macro                0.000000e+00 0.000000e+00 0.000000e+00 0.000000e+00   0.0%
Pad                  0.000000e+00 0.000000e+00 0.000000e+00 0.000000e+00   0.0%
------------------------------------------------------------------------
Total                1.040086e-02 1.563787e-02 1.927777e-04 2.623151e-02 100.0%
                            39.7%        59.6%         0.7%

