
===========================================================================
 report_power
============================================================================
======================= min_ff_n40C_1v95 Corner ===================================

Group                    Internal    Switching      Leakage        Total
                            Power        Power        Power        Power (Watts)
------------------------------------------------------------------------
Sequential           7.347448e-04 3.333406e-05 2.618117e-08 7.681051e-04  15.0%
Combinational        1.157596e-03 2.820283e-03 9.676147e-08 3.977976e-03  77.5%
Clock                1.374674e-04 2.465475e-04 1.166123e-08 3.840266e-04   7.5%
Macro                0.000000e+00 0.000000e+00 0.000000e+00 0.000000e+00   0.0%
Pad                  0.000000e+00 0.000000e+00 0.000000e+00 0.000000e+00   0.0%
------------------------------------------------------------------------
Total                2.029807e-03 3.100163e-03 1.346062e-07 5.130104e-03 100.0%
                            39.6%        60.4%         0.0%

