
===========================================================================
 report_power
============================================================================
======================= nom_ss_100C_1v60 Corner ===================================

Group                    Internal    Switching      Leakage        Total
                            Power        Power        Power        Power (Watts)
------------------------------------------------------------------------
Sequential           4.842434e-04 2.344085e-05 2.734439e-05 5.350286e-04  14.3%
Combinational        8.488394e-04 2.028446e-03 4.973963e-05 2.927025e-03  78.4%
Clock                9.865059e-05 1.690740e-04 1.473194e-06 2.691978e-04   7.2%
Macro                0.000000e+00 0.000000e+00 0.000000e+00 0.000000e+00   0.0%
Pad                  0.000000e+00 0.000000e+00 0.000000e+00 0.000000e+00   0.0%
------------------------------------------------------------------------
Total                1.431733e-03 2.220958e-03 7.855554e-05 3.731247e-03 100.0%
                            38.4%        59.5%         2.1%

