
===========================================================================
 report_power
============================================================================
======================= max_tt_025C_1v80 Corner ===================================

Group                    Internal    Switching      Leakage        Total
                            Power        Power        Power        Power (Watts)
------------------------------------------------------------------------
Sequential           4.644477e-03 1.947869e-03 4.339089e-08 6.592389e-03  19.2%
Combinational        7.021093e-03 1.757357e-02 1.046652e-07 2.459477e-02  71.7%
Clock                1.366561e-03 1.735778e-03 3.994583e-08 3.102379e-03   9.0%
Macro                0.000000e+00 0.000000e+00 0.000000e+00 0.000000e+00   0.0%
Pad                  0.000000e+00 0.000000e+00 0.000000e+00 0.000000e+00   0.0%
------------------------------------------------------------------------
Total                1.303224e-02 2.125721e-02 1.879962e-07 3.428964e-02 100.0%
                            38.0%        62.0%         0.0%

