
===========================================================================
 report_power
============================================================================
======================= nom_tt_025C_1v80 Corner ===================================

Group                    Internal    Switching      Leakage        Total
                            Power        Power        Power        Power (Watts)
------------------------------------------------------------------------
Sequential           4.242078e-04 1.947615e-05 3.006018e-09 4.436869e-04   0.0%
Combinational        1.426310e-03 5.503504e-03 3.084842e-08 6.929845e-03   0.0%
Clock                3.544476e-04 7.996422e-04 4.086299e-07 1.154498e-03   0.0%
Macro                6.395282e+07 0.000000e+00 1.358580e-04 6.395282e+07 100.0%
Pad                  0.000000e+00 0.000000e+00 0.000000e+00 0.000000e+00   0.0%
------------------------------------------------------------------------
Total                6.395282e+07 6.322623e-03 1.363009e-04 6.395282e+07 100.0%
                           100.0%         0.0%         0.0%

