
===========================================================================
 report_power
============================================================================
======================= nom_ff_n40C_1v95 Corner ===================================

Group                    Internal    Switching      Leakage        Total
                            Power        Power        Power        Power (Watts)
------------------------------------------------------------------------
Sequential           7.660776e-04 1.452243e-04 2.238868e-08 9.113243e-04  20.7%
Combinational        9.454491e-04 1.669377e-03 7.778155e-08 2.614903e-03  59.3%
Clock                3.058163e-04 5.753353e-04 1.884869e-08 8.811705e-04  20.0%
Macro                0.000000e+00 0.000000e+00 0.000000e+00 0.000000e+00   0.0%
Pad                  0.000000e+00 0.000000e+00 0.000000e+00 0.000000e+00   0.0%
------------------------------------------------------------------------
Total                2.017340e-03 2.389936e-03 1.190183e-07 4.407395e-03 100.0%
                            45.8%        54.2%         0.0%

