┏━━━━━━━━━━━━━━━━━━━━━━┳━━━━━━━━━━┳━━━━━━━━━━┳━━━━━━━━━━┳━━━━━━━━━━┳━━━━━━━━━━━┳━━━━━━━━━━┳━━━━━━━━━━━┳━━━━━━━━━━┳━━━━━━━━━━━┳━━━━━━━━━━┳━━━━━━━━━━━┳━━━━━━━━━━┓
┃                      ┃ Hold     ┃ Reg to   ┃          ┃          ┃ of which  ┃ Setup    ┃           ┃          ┃           ┃ of which ┃           ┃          ┃
┃                      ┃ Worst    ┃ Reg      ┃          ┃ Hold Vio ┃ reg to    ┃ Worst    ┃ Reg to    ┃ Setup    ┃ Setup Vio ┃ reg to   ┃ Max Cap   ┃ Max Slew ┃
┃ Corner/Group         ┃ Slack    ┃ Paths    ┃ Hold TNS ┃ Count    ┃ reg       ┃ Slack    ┃ Reg Paths ┃ TNS      ┃ Count     ┃ reg      ┃ Violatio… ┃ Violati… ┃
┡━━━━━━━━━━━━━━━━━━━━━━╇━━━━━━━━━━╇━━━━━━━━━━╇━━━━━━━━━━╇━━━━━━━━━━╇━━━━━━━━━━━╇━━━━━━━━━━╇━━━━━━━━━━━╇━━━━━━━━━━╇━━━━━━━━━━━╇━━━━━━━━━━╇━━━━━━━━━━━╇━━━━━━━━━━┩
│ Overall              │ 0.0956   │ 0.0956   │ 0.0000   │ 0        │ 0         │ 57.0051  │ 86.7099   │ 0.0000   │ 0         │ 0        │ 5         │ 1204     │
│ nom_tt_025C_1v80     │ 0.2964   │ 0.2964   │ 0.0000   │ 0        │ 0         │ 58.3127  │ 93.1815   │ 0.0000   │ 0         │ 0        │ 1         │ 79       │
│ nom_ss_100C_1v60     │ 0.8535   │ 0.8535   │ 0.0000   │ 0        │ 0         │ 57.1136  │ 87.0121   │ 0.0000   │ 0         │ 0        │ 4         │ 893      │
│ nom_ff_n40C_1v95     │ 0.0978   │ 0.0978   │ 0.0000   │ 0        │ 0         │ 58.8078  │ 95.6493   │ 0.0000   │ 0         │ 0        │ 1         │ 13       │
│ min_tt_025C_1v80     │ 0.2952   │ 0.2952   │ 0.0000   │ 0        │ 0         │ 58.3789  │ 93.3824   │ 0.0000   │ 0         │ 0        │ 1         │ 55       │
│ min_ss_100C_1v60     │ 0.8516   │ 0.8516   │ 0.0000   │ 0        │ 0         │ 57.2139  │ 87.3449   │ 0.0000   │ 0         │ 0        │ 2         │ 534      │
│ min_ff_n40C_1v95     │ 0.0956   │ 0.0956   │ 0.0000   │ 0        │ 0         │ 58.8517  │ 95.7822   │ 0.0000   │ 0         │ 0        │ 1         │ 13       │
│ max_tt_025C_1v80     │ 0.2989   │ 0.2989   │ 0.0000   │ 0        │ 0         │ 58.2562  │ 92.9835   │ 0.0000   │ 0         │ 0        │ 1         │ 90       │
│ max_ss_100C_1v60     │ 0.8639   │ 0.8639   │ 0.0000   │ 0        │ 0         │ 57.0051  │ 86.7099   │ 0.0000   │ 0         │ 0        │ 5         │ 1204     │
│ max_ff_n40C_1v95     │ 0.1014   │ 0.1014   │ 0.0000   │ 0        │ 0         │ 58.7695  │ 95.5191   │ 0.0000   │ 0         │ 0        │ 1         │ 35       │
└──────────────────────┴──────────┴──────────┴──────────┴──────────┴───────────┴──────────┴───────────┴──────────┴───────────┴──────────┴───────────┴──────────┘
