
===========================================================================
Violator List
============================================================================
[setup reg-out] _5673_/Q -> wbs_dat_o[13] : -4.360626
[setup reg-out] _5673_/Q -> wbs_dat_o[4] : -4.167259
[setup reg-out] _5673_/Q -> wbs_dat_o[19] : -3.541597
[setup reg-out] _5673_/Q -> wbs_dat_o[5] : -3.469969
[setup reg-out] _5673_/Q -> wbs_dat_o[8] : -3.461002
[setup reg-out] _5673_/Q -> wbs_dat_o[17] : -3.408102
[setup reg-out] _5673_/Q -> wbs_dat_o[23] : -3.272526
[setup reg-out] _5673_/Q -> wbs_dat_o[7] : -3.250685
[setup reg-out] _5673_/Q -> wbs_dat_o[16] : -3.193184
[setup reg-out] _5673_/Q -> wbs_dat_o[6] : -3.175519
[setup reg-out] _5673_/Q -> wbs_dat_o[25] : -3.139858
[setup reg-out] _5673_/Q -> wbs_dat_o[24] : -3.135865
[setup reg-out] _5673_/Q -> wbs_dat_o[22] : -3.054691
[setup reg-out] _5673_/Q -> wbs_dat_o[18] : -3.054538
[setup reg-out] _5673_/Q -> wbs_dat_o[21] : -3.053245
[setup reg-out] _5673_/Q -> wbs_dat_o[12] : -2.976840
[setup reg-out] _5673_/Q -> wbs_dat_o[29] : -2.970436
[setup reg-out] _5673_/Q -> wbs_dat_o[20] : -2.912048
[setup reg-out] _5673_/Q -> wbs_dat_o[14] : -2.774293
[setup reg-out] _5673_/Q -> wbs_dat_o[31] : -2.600363
[setup reg-out] _5673_/Q -> wbs_dat_o[30] : -2.376247
[setup reg-reg] mprj.team_07_Wrapper.team_07_WB.instance_to_wrap/STB_O -> _5622_/D : -2.366758
[setup reg-out] mprj.sram.sram_inst/dout1[1] -> wbs_dat_o[1] : -2.361970
[setup reg-out] _5673_/Q -> wbs_dat_o[28] : -2.359462
[setup reg-out] _5673_/Q -> wbs_dat_o[11] : -2.339574
[setup reg-out] _5673_/Q -> wbs_dat_o[0] : -2.324905
[setup reg-out] _5673_/Q -> wbs_dat_o[27] : -2.258629
[setup reg-out] _5673_/Q -> wbs_dat_o[2] : -2.211216
[setup reg-out] _5673_/Q -> wbs_dat_o[15] : -2.193776
[setup reg-reg] mprj.team_07_Wrapper.team_07_WB.instance_to_wrap/STB_O -> _5639_/D : -2.125415
[setup reg-out] _5673_/Q -> wbs_dat_o[10] : -2.029561
[setup reg-out] _5673_/Q -> wbs_dat_o[3] : -2.020965
[setup reg-out] _5673_/Q -> wbs_dat_o[9] : -1.962279
[setup reg-out] _5673_/Q -> wbs_dat_o[26] : -1.849568
[setup reg-reg] mprj.team_07_Wrapper.team_07_WB.instance_to_wrap/STB_O -> _5653_/D : -1.830571
[setup reg-reg] mprj.team_04_Wrapper.team_04_WB.instance_to_wrap/STB_O -> _5634_/D : -1.818577
[setup reg-reg] _5673_/Q -> mprj.team_04_Wrapper.team_04_WB.instance_to_wrap/DAT_I[4] : -1.697792
[setup reg-reg] mprj.team_04_Wrapper.team_04_WB.instance_to_wrap/STB_O -> _5635_/D : -1.645422
[setup reg-reg] _5673_/Q -> mprj.team_05_Wrapper.team_05_WB.instance_to_wrap/DAT_I[15] : -1.623729
[setup reg-reg] mprj.team_04_Wrapper.team_04_WB.instance_to_wrap/STB_O -> _5628_/D : -1.568687
[setup reg-reg] mprj.team_04_Wrapper.team_04_WB.instance_to_wrap/STB_O -> _5631_/D : -1.555513
[setup reg-reg] mprj.team_04_Wrapper.team_04_WB.instance_to_wrap/STB_O -> _5629_/D : -1.532026
[setup reg-reg] mprj.team_07_Wrapper.team_07_WB.instance_to_wrap/STB_O -> _5623_/D : -1.511086
[setup reg-reg] _5673_/Q -> mprj.team_05_Wrapper.team_05_WB.instance_to_wrap/DAT_I[27] : -1.502208
[setup reg-reg] mprj.team_07_Wrapper.team_07_WB.instance_to_wrap/STB_O -> _5647_/D : -1.491529
[setup reg-reg] mprj.team_04_Wrapper.team_04_WB.instance_to_wrap/STB_O -> _5627_/D : -1.471218
[setup reg-reg] mprj.team_04_Wrapper.team_04_WB.instance_to_wrap/STB_O -> _5648_/D : -1.377856
[setup reg-reg] mprj.team_04_Wrapper.team_04_WB.instance_to_wrap/STB_O -> _5632_/D : -1.374143
[setup reg-reg] mprj.team_07_Wrapper.team_07_WB.instance_to_wrap/STB_O -> _5854_/D : -1.367322
[setup reg-reg] mprj.team_04_Wrapper.team_04_WB.instance_to_wrap/STB_O -> _5633_/D : -1.356028
[setup reg-reg] mprj.team_04_Wrapper.team_04_WB.instance_to_wrap/STB_O -> _5624_/D : -1.221295
[setup reg-reg] mprj.team_04_Wrapper.team_04_WB.instance_to_wrap/STB_O -> _5625_/D : -1.220567
[setup reg-reg] mprj.team_04_Wrapper.team_04_WB.instance_to_wrap/STB_O -> _5637_/D : -1.206306
[setup reg-reg] mprj.team_04_Wrapper.team_04_WB.instance_to_wrap/STB_O -> _5649_/D : -1.203254
[setup reg-reg] mprj.team_04_Wrapper.team_04_WB.instance_to_wrap/STB_O -> _5638_/D : -1.199311
[setup reg-reg] mprj.team_04_Wrapper.team_04_WB.instance_to_wrap/STB_O -> _5640_/D : -1.087159
[setup reg-reg] mprj.team_04_Wrapper.team_04_WB.instance_to_wrap/STB_O -> _5643_/D : -1.076980
[setup reg-reg] _5673_/Q -> mprj.team_07_Wrapper.team_07_WB.instance_to_wrap/DAT_I[15] : -1.050864
[setup reg-reg] mprj.team_07_Wrapper.team_07_WB.instance_to_wrap/STB_O -> _5645_/D : -1.046399
[setup reg-reg] mprj.team_04_Wrapper.team_04_WB.instance_to_wrap/STB_O -> _5652_/D : -0.994451
[setup reg-reg] mprj.team_04_Wrapper.team_04_WB.instance_to_wrap/STB_O -> _5641_/D : -0.986766
[setup reg-reg] mprj.team_04_Wrapper.team_04_WB.instance_to_wrap/STB_O -> _5728_/D : -0.979778
[setup reg-reg] mprj.sram.sram_inst/dout1[1] -> mprj.team_05_Wrapper.team_05_WB.instance_to_wrap/DAT_I[1] : -0.964413
[setup reg-reg] mprj.team_04_Wrapper.team_04_WB.instance_to_wrap/STB_O -> _5725_/D : -0.952412
[setup reg-reg] mprj.team_04_Wrapper.team_04_WB.instance_to_wrap/STB_O -> _5730_/D : -0.930012
[setup reg-reg] mprj.team_04_Wrapper.team_04_WB.instance_to_wrap/STB_O -> _5723_/D : -0.897717
[setup reg-reg] _5673_/Q -> mprj.team_05_Wrapper.team_05_WB.instance_to_wrap/DAT_I[9] : -0.894829
[setup reg-reg] _5673_/Q -> mprj.team_05_Wrapper.team_05_WB.instance_to_wrap/DAT_I[11] : -0.880259
[setup reg-reg] _5673_/Q -> mprj.team_03_Wrapper.team_03_WB.instance_to_wrap/DAT_I[17] : -0.879144
[setup reg-reg] _5673_/Q -> mprj.team_05_Wrapper.team_05_WB.instance_to_wrap/DAT_I[10] : -0.859686
[setup reg-reg] mprj.team_07_Wrapper.team_07_WB.instance_to_wrap/STB_O -> _5650_/D : -0.843730
[setup reg-reg] mprj.sram.sram_inst/dout1[1] -> mprj.team_03_Wrapper.team_03_WB.instance_to_wrap/DAT_I[1] : -0.822407
[setup reg-reg] _5673_/Q -> mprj.team_08_Wrapper.team_08_WB.instance_to_wrap/DAT_I[4] : -0.822094
[setup reg-reg] _5673_/Q -> mprj.team_03_Wrapper.team_03_WB.instance_to_wrap/DAT_I[15] : -0.780240
[setup reg-reg] mprj.sram.sram_inst/dout1[1] -> mprj.team_04_Wrapper.team_04_WB.instance_to_wrap/DAT_I[1] : -0.739806
[setup reg-reg] mprj.team_04_Wrapper.team_04_WB.instance_to_wrap/STB_O -> _5729_/D : -0.662684
[setup reg-reg] mprj.team_04_Wrapper.team_04_WB.instance_to_wrap/STB_O -> _5724_/D : -0.661522
[setup reg-reg] mprj.team_07_Wrapper.team_07_WB.instance_to_wrap/STB_O -> _5852_/D : -0.657398
[setup reg-reg] mprj.team_04_Wrapper.team_04_WB.instance_to_wrap/STB_O -> _5716_/D : -0.651294
[setup reg-reg] mprj.team_04_Wrapper.team_04_WB.instance_to_wrap/STB_O -> _5715_/D : -0.636355
[setup reg-reg] mprj.team_04_Wrapper.team_04_WB.instance_to_wrap/STB_O -> _5718_/D : -0.630383
[setup reg-reg] mprj.team_04_Wrapper.team_04_WB.instance_to_wrap/STB_O -> _5717_/D : -0.614630
[setup reg-reg] mprj.team_07_Wrapper.team_07_WB.instance_to_wrap/STB_O -> _5855_/D : -0.607653
[setup reg-reg] _5673_/Q -> mprj.team_07_Wrapper.team_07_WB.instance_to_wrap/DAT_I[11] : -0.512426
[setup reg-reg] _5673_/Q -> mprj.team_07_Wrapper.team_07_WB.instance_to_wrap/DAT_I[9] : -0.469360
[setup reg-reg] mprj.team_04_Wrapper.team_04_WB.instance_to_wrap/STB_O -> _5721_/D : -0.459448
[setup reg-reg] mprj.team_04_Wrapper.team_04_WB.instance_to_wrap/STB_O -> _5719_/D : -0.447194
[setup reg-reg] mprj.team_04_Wrapper.team_04_WB.instance_to_wrap/STB_O -> _5727_/D : -0.418485
[setup reg-reg] _5673_/Q -> mprj.team_03_Wrapper.team_03_WB.instance_to_wrap/DAT_I[12] : -0.414445
[setup reg-reg] mprj.team_07_Wrapper.team_07_WB.instance_to_wrap/STB_O -> _5644_/D : -0.411578
[setup reg-reg] _5673_/Q -> mprj.team_07_Wrapper.team_07_WB.instance_to_wrap/DAT_I[10] : -0.407848
[setup reg-reg] _5673_/Q -> mprj.team_08_Wrapper.team_08_WB.instance_to_wrap/DAT_I[17] : -0.386645
[setup reg-reg] _5673_/Q -> mprj.team_03_Wrapper.team_03_WB.instance_to_wrap/DAT_I[11] : -0.340147
[setup reg-reg] _5673_/Q -> _5630_/D : -0.322569
[setup reg-reg] mprj.sram.sram_inst/dout1[1] -> mprj.team_07_Wrapper.team_07_WB.instance_to_wrap/DAT_I[1] : -0.312230
[setup reg-reg] _5673_/Q -> mprj.team_03_Wrapper.team_03_WB.instance_to_wrap/DAT_I[10] : -0.269157
[setup reg-reg] _5673_/Q -> _5756_/D : -0.194806
[setup reg-reg] mprj.team_04_Wrapper.team_04_WB.instance_to_wrap/STB_O -> _5722_/D : -0.176062
[setup reg-reg] mprj.team_04_Wrapper.team_04_WB.instance_to_wrap/STB_O -> _5720_/D : -0.167859
[setup reg-reg] _5673_/Q -> mprj.team_08_Wrapper.team_08_WB.instance_to_wrap/DAT_I[15] : -0.108599
[setup reg-reg] mprj.team_04_Wrapper.team_04_WB.instance_to_wrap/STB_O -> _5726_/D : -0.077765
[setup reg-reg] mprj.team_04_Wrapper.team_04_WB.instance_to_wrap/STB_O -> _5713_/D : -0.073992
[setup reg-reg] _5673_/Q -> mprj.team_04_Wrapper.team_04_WB.instance_to_wrap/DAT_I[6] : -0.073523
[setup reg-reg] _5673_/Q -> mprj.team_03_Wrapper.team_03_WB.instance_to_wrap/DAT_I[9] : -0.058726
[setup reg-reg] mprj.team_04_Wrapper.team_04_WB.instance_to_wrap/STB_O -> _5732_/D : -0.032188
[setup reg-reg] _5673_/Q -> mprj.team_04_Wrapper.team_04_WB.instance_to_wrap/DAT_I[15] : -0.009123
[setup reg-reg] mprj.team_04_Wrapper.team_04_WB.instance_to_wrap/STB_O -> _5714_/D : -0.005819
