
===========================================================================
 report_power
============================================================================
======================= nom_ff_n40C_1v95 Corner ===================================

Group                    Internal    Switching      Leakage        Total
                            Power        Power        Power        Power (Watts)
------------------------------------------------------------------------
Sequential           5.967066e-04 3.403053e-06 2.322651e-08 6.001329e-04  57.4%
Combinational        3.095929e-05 5.128905e-05 6.324582e-08 8.231159e-05   7.9%
Clock                1.401697e-04 2.223529e-04 7.453884e-09 3.625301e-04  34.7%
Macro                0.000000e+00 0.000000e+00 0.000000e+00 0.000000e+00   0.0%
Pad                  0.000000e+00 0.000000e+00 0.000000e+00 0.000000e+00   0.0%
------------------------------------------------------------------------
Total                7.678358e-04 2.770449e-04 9.392480e-08 1.044975e-03 100.0%
                            73.5%        26.5%         0.0%

