
===========================================================================
 report_power
============================================================================
======================= min_ss_100C_1v60 Corner ===================================

Group                    Internal    Switching      Leakage        Total
                            Power        Power        Power        Power (Watts)
------------------------------------------------------------------------
Sequential           3.606886e-03 1.326220e-03 6.170721e-05 4.994813e-03  20.0%
Combinational        5.673748e-03 1.187359e-02 1.237153e-04 1.767105e-02  70.6%
Clock                1.120624e-03 1.224306e-03 7.347349e-06 2.352277e-03   9.4%
Macro                0.000000e+00 0.000000e+00 0.000000e+00 0.000000e+00   0.0%
Pad                  0.000000e+00 0.000000e+00 0.000000e+00 0.000000e+00   0.0%
------------------------------------------------------------------------
Total                1.040132e-02 1.442411e-02 1.927777e-04 2.501821e-02 100.0%
                            41.6%        57.7%         0.8%

