
===========================================================================
Violator List
============================================================================
[setup reg-out] _5673_/Q -> wbs_dat_o[13] : -6.920925
[setup reg-out] _5673_/Q -> wbs_dat_o[4] : -6.324143
[setup reg-out] _5673_/Q -> wbs_dat_o[19] : -5.802207
[setup reg-out] _5673_/Q -> wbs_dat_o[8] : -5.763401
[setup reg-out] _5673_/Q -> wbs_dat_o[17] : -5.657384
[setup reg-out] _5673_/Q -> wbs_dat_o[5] : -5.504976
[setup reg-out] _5673_/Q -> wbs_dat_o[23] : -5.483696
[setup reg-out] _5673_/Q -> wbs_dat_o[16] : -5.374443
[setup reg-out] _5673_/Q -> wbs_dat_o[22] : -5.238192
[setup reg-out] _5673_/Q -> wbs_dat_o[6] : -5.199063
[setup reg-out] _5673_/Q -> wbs_dat_o[7] : -5.198373
[setup reg-out] _5673_/Q -> wbs_dat_o[18] : -5.186443
[setup reg-out] _5673_/Q -> wbs_dat_o[25] : -5.181843
[setup reg-out] _5673_/Q -> wbs_dat_o[24] : -5.161589
[setup reg-out] _5673_/Q -> wbs_dat_o[29] : -5.101398
[setup reg-out] _5673_/Q -> wbs_dat_o[21] : -5.067882
[setup reg-out] _5673_/Q -> wbs_dat_o[12] : -5.064134
[setup reg-out] _5673_/Q -> wbs_dat_o[20] : -4.968310
[setup reg-out] _5673_/Q -> wbs_dat_o[14] : -4.762278
[setup reg-out] _5673_/Q -> wbs_dat_o[31] : -4.683169
[setup reg-out] _5673_/Q -> wbs_dat_o[11] : -4.468479
[setup reg-out] _5673_/Q -> wbs_dat_o[30] : -4.402925
[setup reg-out] _5673_/Q -> wbs_dat_o[28] : -4.378713
[setup reg-reg] _5673_/Q -> mprj.team_05_Wrapper.team_05_WB.instance_to_wrap/DAT_I[15] : -4.228341
[setup reg-out] _5673_/Q -> wbs_dat_o[27] : -4.217295
[setup reg-out] _5673_/Q -> wbs_dat_o[0] : -4.201276
[setup reg-out] _5673_/Q -> wbs_dat_o[15] : -4.163414
[setup reg-out] _5673_/Q -> wbs_dat_o[1] : -4.147374
[setup reg-out] _5673_/Q -> wbs_dat_o[2] : -4.047614
[setup reg-out] _5673_/Q -> wbs_dat_o[10] : -3.983782
[setup reg-out] _5673_/Q -> wbs_dat_o[9] : -3.909287
[setup reg-reg] _5673_/Q -> mprj.team_04_Wrapper.team_04_WB.instance_to_wrap/DAT_I[4] : -3.907339
[setup reg-reg] mprj.team_07_Wrapper.team_07_WB.instance_to_wrap/STB_O -> _5622_/D : -3.805340
[setup reg-out] _5673_/Q -> wbs_dat_o[3] : -3.774542
[setup reg-out] _5673_/Q -> wbs_dat_o[26] : -3.634369
[setup reg-reg] _5673_/Q -> mprj.team_07_Wrapper.team_07_WB.instance_to_wrap/DAT_I[15] : -3.611330
[setup reg-reg] _5673_/Q -> _5639_/D : -3.548514
[setup reg-reg] _5673_/Q -> mprj.team_03_Wrapper.team_03_WB.instance_to_wrap/DAT_I[15] : -3.349698
[setup reg-reg] _5673_/Q -> mprj.team_05_Wrapper.team_05_WB.instance_to_wrap/DAT_I[11] : -3.338656
[setup reg-reg] mprj.team_04_Wrapper.team_04_WB.instance_to_wrap/STB_O -> _5634_/D : -3.317666
[setup reg-reg] _5673_/Q -> mprj.team_05_Wrapper.team_05_WB.instance_to_wrap/DAT_I[9] : -3.269459
[setup reg-reg] _5673_/Q -> mprj.team_05_Wrapper.team_05_WB.instance_to_wrap/DAT_I[27] : -3.244356
[setup reg-reg] _5673_/Q -> mprj.team_05_Wrapper.team_05_WB.instance_to_wrap/DAT_I[10] : -3.229964
[setup reg-reg] mprj.team_07_Wrapper.team_07_WB.instance_to_wrap/STB_O -> _5647_/D : -3.218460
[setup reg-reg] mprj.team_07_Wrapper.team_07_WB.instance_to_wrap/STB_O -> _5653_/D : -3.170342
[setup reg-reg] mprj.team_07_Wrapper.team_07_WB.instance_to_wrap/STB_O -> _5623_/D : -3.156615
[setup reg-reg] _5673_/Q -> mprj.team_08_Wrapper.team_08_WB.instance_to_wrap/DAT_I[4] : -3.112643
[setup reg-reg] mprj.team_04_Wrapper.team_04_WB.instance_to_wrap/STB_O -> _5635_/D : -3.108514
[setup reg-reg] mprj.team_04_Wrapper.team_04_WB.instance_to_wrap/STB_O -> _5628_/D : -3.064312
[setup reg-reg] mprj.team_04_Wrapper.team_04_WB.instance_to_wrap/STB_O -> _5631_/D : -3.040913
[setup reg-reg] mprj.team_04_Wrapper.team_04_WB.instance_to_wrap/STB_O -> _5629_/D : -3.021935
[setup reg-reg] mprj.team_07_Wrapper.team_07_WB.instance_to_wrap/STB_O -> _5648_/D : -3.009948
[setup reg-reg] mprj.team_04_Wrapper.team_04_WB.instance_to_wrap/STB_O -> _5627_/D : -2.945065
[setup reg-reg] _5673_/Q -> mprj.team_07_Wrapper.team_07_WB.instance_to_wrap/DAT_I[11] : -2.921002
[setup reg-reg] _5673_/Q -> mprj.team_03_Wrapper.team_03_WB.instance_to_wrap/DAT_I[11] : -2.904542
[setup reg-reg] mprj.team_04_Wrapper.team_04_WB.instance_to_wrap/STB_O -> _5632_/D : -2.835698
[setup reg-reg] mprj.team_04_Wrapper.team_04_WB.instance_to_wrap/STB_O -> _5633_/D : -2.818748
[setup reg-reg] _5673_/Q -> mprj.team_07_Wrapper.team_07_WB.instance_to_wrap/DAT_I[9] : -2.758387
[setup reg-reg] _5673_/Q -> mprj.team_07_Wrapper.team_07_WB.instance_to_wrap/DAT_I[10] : -2.692570
[setup reg-reg] _5673_/Q -> mprj.team_03_Wrapper.team_03_WB.instance_to_wrap/DAT_I[10] : -2.656019
[setup reg-reg] mprj.team_04_Wrapper.team_04_WB.instance_to_wrap/STB_O -> _5637_/D : -2.641670
[setup reg-reg] mprj.team_04_Wrapper.team_04_WB.instance_to_wrap/STB_O -> _5638_/D : -2.631214
[setup reg-reg] mprj.team_04_Wrapper.team_04_WB.instance_to_wrap/STB_O -> _5624_/D : -2.538713
[setup reg-reg] mprj.team_04_Wrapper.team_04_WB.instance_to_wrap/STB_O -> _5625_/D : -2.529536
[setup reg-reg] _5673_/Q -> mprj.team_03_Wrapper.team_03_WB.instance_to_wrap/DAT_I[17] : -2.529248
[setup reg-reg] _5673_/Q -> mprj.team_05_Wrapper.team_05_WB.instance_to_wrap/DAT_I[1] : -2.522189
[setup reg-reg] mprj.team_04_Wrapper.team_04_WB.instance_to_wrap/STB_O -> _5649_/D : -2.492538
[setup reg-reg] mprj.team_04_Wrapper.team_04_WB.instance_to_wrap/STB_O -> _5640_/D : -2.487887
[setup reg-reg] mprj.team_04_Wrapper.team_04_WB.instance_to_wrap/STB_O -> _5643_/D : -2.421750
[setup reg-reg] mprj.team_07_Wrapper.team_07_WB.instance_to_wrap/STB_O -> _5854_/D : -2.420954
[setup reg-reg] _5673_/Q -> mprj.team_03_Wrapper.team_03_WB.instance_to_wrap/DAT_I[12] : -2.399560
[setup reg-reg] mprj.team_04_Wrapper.team_04_WB.instance_to_wrap/STB_O -> _5641_/D : -2.383981
[setup reg-reg] mprj.team_04_Wrapper.team_04_WB.instance_to_wrap/STB_O -> _5652_/D : -2.345772
[setup reg-reg] _5673_/Q -> mprj.team_03_Wrapper.team_03_WB.instance_to_wrap/DAT_I[9] : -2.301906
[setup reg-reg] mprj.team_07_Wrapper.team_07_WB.instance_to_wrap/STB_O -> _5645_/D : -2.300258
[setup reg-reg] mprj.team_04_Wrapper.team_04_WB.instance_to_wrap/STB_O -> _5725_/D : -2.276750
[setup reg-reg] mprj.team_04_Wrapper.team_04_WB.instance_to_wrap/STB_O -> _5728_/D : -2.272312
[setup reg-reg] mprj.team_04_Wrapper.team_04_WB.instance_to_wrap/STB_O -> _5730_/D : -2.234327
[setup reg-reg] mprj.team_04_Wrapper.team_04_WB.instance_to_wrap/STB_O -> _5723_/D : -2.188191
[setup reg-reg] _5673_/Q -> mprj.team_03_Wrapper.team_03_WB.instance_to_wrap/DAT_I[1] : -2.181160
[setup reg-reg] mprj.team_07_Wrapper.team_07_WB.instance_to_wrap/STB_O -> _5650_/D : -2.076920
[setup reg-reg] _5673_/Q -> mprj.team_08_Wrapper.team_08_WB.instance_to_wrap/DAT_I[15] : -1.993325
[setup reg-reg] _5673_/Q -> mprj.team_04_Wrapper.team_04_WB.instance_to_wrap/DAT_I[1] : -1.974865
[setup reg-reg] _5673_/Q -> mprj.team_04_Wrapper.team_04_WB.instance_to_wrap/DAT_I[6] : -1.973508
[setup reg-reg] mprj.team_04_Wrapper.team_04_WB.instance_to_wrap/STB_O -> _5724_/D : -1.968264
[setup reg-reg] mprj.team_04_Wrapper.team_04_WB.instance_to_wrap/STB_O -> _5715_/D : -1.963510
[setup reg-reg] mprj.team_04_Wrapper.team_04_WB.instance_to_wrap/STB_O -> _5729_/D : -1.956579
[setup reg-reg] mprj.team_04_Wrapper.team_04_WB.instance_to_wrap/STB_O -> _5716_/D : -1.950081
[setup reg-reg] mprj.team_04_Wrapper.team_04_WB.instance_to_wrap/STB_O -> _5718_/D : -1.946070
[setup reg-reg] _5673_/Q -> mprj.team_08_Wrapper.team_08_WB.instance_to_wrap/DAT_I[17] : -1.936648
[setup reg-reg] mprj.team_04_Wrapper.team_04_WB.instance_to_wrap/STB_O -> _5717_/D : -1.933326
[setup reg-reg] _5673_/Q -> mprj.team_05_Wrapper.team_05_WB.instance_to_wrap/DAT_I[21] : -1.845841
[setup reg-reg] _5673_/Q -> mprj.team_04_Wrapper.team_04_WB.instance_to_wrap/DAT_I[15] : -1.838053
[setup reg-reg] _5673_/Q -> mprj.team_07_Wrapper.team_07_WB.instance_to_wrap/DAT_I[1] : -1.760697
[setup reg-reg] mprj.team_07_Wrapper.team_07_WB.instance_to_wrap/STB_O -> _5644_/D : -1.757780
[setup reg-reg] _5673_/Q -> _5630_/D : -1.753115
[setup reg-reg] mprj.team_07_Wrapper.team_07_WB.instance_to_wrap/STB_O -> _5852_/D : -1.735366
[setup reg-reg] mprj.team_04_Wrapper.team_04_WB.instance_to_wrap/STB_O -> _5721_/D : -1.732236
[setup reg-reg] _5673_/Q -> mprj.team_03_Wrapper.team_03_WB.instance_to_wrap/DAT_I[5] : -1.717876
[setup reg-reg] mprj.team_04_Wrapper.team_04_WB.instance_to_wrap/STB_O -> _5719_/D : -1.711310
[setup reg-reg] mprj.team_07_Wrapper.team_07_WB.instance_to_wrap/STB_O -> _5855_/D : -1.697675
[setup reg-reg] _5673_/Q -> _5756_/D : -1.671232
[setup reg-reg] mprj.team_04_Wrapper.team_04_WB.instance_to_wrap/STB_O -> _5727_/D : -1.666539
[setup reg-reg] _5673_/Q -> mprj.team_04_Wrapper.team_04_WB.instance_to_wrap/DAT_I[12] : -1.557325
[setup reg-reg] _5673_/Q -> mprj.team_04_Wrapper.team_04_WB.instance_to_wrap/DAT_I[17] : -1.510518
[setup reg-reg] _5673_/Q -> mprj.team_03_Wrapper.team_03_WB.instance_to_wrap/DAT_I[21] : -1.487635
[setup reg-reg] _5673_/Q -> mprj.team_04_Wrapper.team_04_WB.instance_to_wrap/DAT_I[11] : -1.435346
[setup reg-reg] mprj.team_04_Wrapper.team_04_WB.instance_to_wrap/STB_O -> _5722_/D : -1.431740
[setup reg-reg] mprj.team_04_Wrapper.team_04_WB.instance_to_wrap/STB_O -> _5720_/D : -1.420219
[setup reg-reg] _5673_/Q -> mprj.team_04_Wrapper.team_04_WB.instance_to_wrap/DAT_I[10] : -1.410815
[setup reg-reg] _5673_/Q -> mprj.team_08_Wrapper.team_08_WB.instance_to_wrap/DAT_I[10] : -1.404626
[setup reg-reg] _5673_/Q -> mprj.team_05_Wrapper.team_05_WB.instance_to_wrap/DAT_I[31] : -1.381604
[setup reg-reg] _5673_/Q -> mprj.team_08_Wrapper.team_08_WB.instance_to_wrap/DAT_I[6] : -1.349498
[setup reg-reg] _5673_/Q -> mprj.team_08_Wrapper.team_08_WB.instance_to_wrap/DAT_I[11] : -1.324342
[setup reg-reg] mprj.team_04_Wrapper.team_04_WB.instance_to_wrap/STB_O -> _5713_/D : -1.322540
[setup reg-reg] mprj.team_04_Wrapper.team_04_WB.instance_to_wrap/STB_O -> _5726_/D : -1.308301
[setup reg-reg] mprj.team_07_Wrapper.team_07_WB.instance_to_wrap/STB_O -> _5646_/D : -1.264912
[setup reg-reg] mprj.team_04_Wrapper.team_04_WB.instance_to_wrap/STB_O -> _5732_/D : -1.257298
[setup reg-reg] mprj.team_04_Wrapper.team_04_WB.instance_to_wrap/STB_O -> _5714_/D : -1.236916
[setup reg-reg] _5673_/Q -> mprj.team_03_Wrapper.team_03_WB.instance_to_wrap/DAT_I[6] : -1.229097
[setup reg-reg] _5673_/Q -> mprj.team_04_Wrapper.team_04_WB.instance_to_wrap/DAT_I[21] : -1.209891
[setup reg-reg] _5673_/Q -> mprj.team_04_Wrapper.team_04_WB.instance_to_wrap/DAT_I[16] : -1.206452
[setup reg-reg] _5673_/Q -> mprj.team_03_Wrapper.team_03_WB.instance_to_wrap/DAT_I[27] : -1.203720
[setup reg-reg] _5673_/Q -> mprj.team_04_Wrapper.team_04_WB.instance_to_wrap/DAT_I[27] : -1.183775
[setup reg-reg] mprj.team_04_Wrapper.team_04_WB.instance_to_wrap/STB_O -> _5733_/D : -1.143938
[setup reg-reg] _5673_/Q -> mprj.team_07_Wrapper.team_07_WB.instance_to_wrap/DAT_I[21] : -1.141736
[setup reg-reg] mprj.team_07_Wrapper.team_07_WB.instance_to_wrap/STB_O -> _5706_/D : -1.121418
[setup reg-reg] mprj.team_07_Wrapper.team_07_WB.instance_to_wrap/STB_O -> _5704_/D : -1.109960
[setup reg-reg] mprj.team_04_Wrapper.team_04_WB.instance_to_wrap/STB_O -> _5734_/D : -1.104326
[setup reg-reg] mprj.team_04_Wrapper.team_04_WB.instance_to_wrap/STB_O -> _5731_/D : -1.090189
[setup reg-reg] _5673_/Q -> mprj.team_08_Wrapper.team_08_WB.instance_to_wrap/DAT_I[1] : -1.069932
[setup reg-reg] _5673_/Q -> mprj.team_03_Wrapper.team_03_WB.instance_to_wrap/DAT_I[31] : -1.069221
[setup reg-reg] _5673_/Q -> _5626_/D : -1.047383
[setup reg-reg] _5673_/Q -> _5825_/D : -1.033630
[setup reg-reg] mprj.team_04_Wrapper.team_04_WB.instance_to_wrap/STB_O -> _5712_/D : -1.017064
[setup reg-reg] _5673_/Q -> mprj.team_04_Wrapper.team_04_WB.instance_to_wrap/DAT_I[31] : -1.003333
[setup reg-reg] mprj.team_04_Wrapper.team_04_WB.instance_to_wrap/STB_O -> _5711_/D : -0.984301
[setup reg-reg] mprj.team_07_Wrapper.team_07_WB.instance_to_wrap/STB_O -> _5636_/D : -0.966772
[setup reg-reg] _5673_/Q -> mprj.team_07_Wrapper.team_07_WB.instance_to_wrap/DAT_I[27] : -0.914032
[setup reg-reg] _5673_/Q -> mprj.team_05_Wrapper.team_05_WB.instance_to_wrap/DAT_I[29] : -0.857707
[setup reg-reg] _5673_/Q -> _5737_/D : -0.831761
[setup reg-reg] _5673_/Q -> _5766_/D : -0.816829
[setup reg-reg] _5673_/Q -> _5736_/D : -0.806576
[setup reg-reg] _5673_/Q -> _5814_/D : -0.791122
[setup reg-reg] _5673_/Q -> _5758_/D : -0.786372
[setup reg-reg] _5673_/Q -> mprj.team_07_Wrapper.team_07_WB.instance_to_wrap/DAT_I[31] : -0.784947
[setup reg-reg] _5673_/Q -> _5765_/D : -0.777412
[setup reg-reg] _5673_/Q -> mprj.team_08_Wrapper.team_08_WB.instance_to_wrap/DAT_I[5] : -0.774051
[setup reg-reg] _5673_/Q -> _5759_/D : -0.771021
[setup reg-reg] _5673_/Q -> _5753_/D : -0.768637
[setup reg-reg] mprj.team_07_Wrapper.team_07_WB.instance_to_wrap/STB_O -> _5651_/D : -0.758916
[setup reg-reg] _5673_/Q -> _5763_/D : -0.737963
[setup reg-reg] _5673_/Q -> _5754_/D : -0.724871
[setup reg-reg] _5673_/Q -> _5755_/D : -0.702077
[setup reg-reg] _5673_/Q -> mprj.team_04_Wrapper.team_04_WB.instance_to_wrap/DAT_I[5] : -0.692030
[setup reg-reg] _5673_/Q -> mprj.team_08_Wrapper.team_08_WB.instance_to_wrap/DAT_I[12] : -0.677090
[setup reg-reg] _5673_/Q -> mprj.team_03_Wrapper.team_03_WB.instance_to_wrap/DAT_I[29] : -0.645631
[setup reg-reg] _5673_/Q -> _5746_/D : -0.643457
[setup reg-reg] mprj.team_07_Wrapper.team_07_WB.instance_to_wrap/STB_O -> _5853_/D : -0.625224
[setup reg-reg] _5673_/Q -> mprj.team_05_Wrapper.team_05_WB.instance_to_wrap/DAT_I[28] : -0.576183
[setup reg-reg] _5673_/Q -> mprj.team_05_Wrapper.team_05_WB.instance_to_wrap/DAT_I[3] : -0.561524
[setup reg-reg] _5673_/Q -> _5735_/D : -0.548603
[setup reg-reg] _5673_/Q -> mprj.team_04_Wrapper.team_04_WB.instance_to_wrap/DAT_I[29] : -0.545665
[setup reg-reg] _5673_/Q -> _5738_/D : -0.534360
[setup reg-reg] _5673_/Q -> _5751_/D : -0.519673
[setup reg-reg] _5673_/Q -> _5741_/D : -0.495533
[setup reg-reg] _5673_/Q -> _5762_/D : -0.485443
[setup reg-reg] _5673_/Q -> _5744_/D : -0.474746
[setup reg-reg] _5673_/Q -> mprj.team_05_Wrapper.team_05_WB.instance_to_wrap/DAT_I[26] : -0.463785
[setup reg-reg] _5673_/Q -> _5764_/D : -0.410385
[setup reg-reg] _5673_/Q -> mprj.team_04_Wrapper.team_04_WB.instance_to_wrap/DAT_I[9] : -0.410093
[setup reg-reg] _5673_/Q -> _5750_/D : -0.400934
[setup reg-reg] _5673_/Q -> _5749_/D : -0.399591
[setup reg-reg] _5673_/Q -> mprj.team_08_Wrapper.team_08_WB.instance_to_wrap/DAT_I[21] : -0.392898
[setup reg-reg] _5673_/Q -> mprj.team_08_Wrapper.team_08_WB.instance_to_wrap/DAT_I[16] : -0.392411
[setup reg-reg] _5673_/Q -> _5748_/D : -0.381707
[setup reg-reg] _5673_/Q -> _5793_/D : -0.381217
[setup reg-reg] _5673_/Q -> _5794_/D : -0.370022
[setup reg-reg] _5673_/Q -> _5770_/D : -0.369806
[setup reg-reg] mprj.team_04_Wrapper.team_04_WB.instance_to_wrap/STB_O -> _5833_/D : -0.362750
[setup reg-reg] _5673_/Q -> mprj.team_08_Wrapper.team_08_WB.instance_to_wrap/DAT_I[27] : -0.357428
[setup reg-reg] mprj.team_04_Wrapper.team_04_WB.instance_to_wrap/STB_O -> _5834_/D : -0.324039
[setup reg-reg] _5673_/Q -> _5757_/D : -0.318160
[setup reg-reg] _5673_/Q -> _5745_/D : -0.307953
[setup reg-reg] _5673_/Q -> _5747_/D : -0.284984
[setup reg-reg] mprj.team_04_Wrapper.team_04_WB.instance_to_wrap/STB_O -> _5856_/D : -0.284118
[setup reg-reg] mprj.team_07_Wrapper.team_07_WB.instance_to_wrap/STB_O -> _5698_/D : -0.278650
[setup reg-reg] _5673_/Q -> mprj.team_07_Wrapper.team_07_WB.instance_to_wrap/DAT_I[29] : -0.270855
[setup reg-reg] mprj.team_07_Wrapper.team_07_WB.instance_to_wrap/STB_O -> _5682_/D : -0.263711
[setup reg-reg] _5673_/Q -> _5791_/D : -0.251042
[setup reg-reg] mprj.team_07_Wrapper.team_07_WB.instance_to_wrap/STB_O -> _5696_/D : -0.248008
[setup reg-reg] mprj.team_07_Wrapper.team_07_WB.instance_to_wrap/STB_O -> _5685_/D : -0.238053
[setup reg-reg] _5673_/Q -> mprj.team_04_Wrapper.team_04_WB.instance_to_wrap/DAT_I[24] : -0.226564
[setup reg-reg] _5673_/Q -> _5739_/D : -0.216858
[setup reg-reg] _5673_/Q -> _5740_/D : -0.200494
[setup reg-reg] _5673_/Q -> _5801_/D : -0.196120
[setup reg-reg] _5673_/Q -> _5742_/D : -0.180769
[setup reg-reg] _5673_/Q -> mprj.team_03_Wrapper.team_03_WB.instance_to_wrap/DAT_I[28] : -0.179032
[setup reg-reg] _5673_/Q -> _5797_/D : -0.178051
[setup reg-reg] mprj.team_07_Wrapper.team_07_WB.instance_to_wrap/STB_O -> _5707_/D : -0.173120
[setup reg-reg] _5673_/Q -> mprj.team_03_Wrapper.team_03_WB.instance_to_wrap/DAT_I[3] : -0.157570
[setup reg-reg] _5673_/Q -> _5826_/D : -0.143768
[setup reg-reg] mprj.team_04_Wrapper.team_04_WB.instance_to_wrap/STB_O -> _5835_/D : -0.120892
[setup reg-reg] _5673_/Q -> _5769_/D : -0.120703
[setup reg-reg] _5673_/Q -> mprj.team_08_Wrapper.team_08_WB.instance_to_wrap/DAT_I[31] : -0.106194
[setup reg-reg] _5673_/Q -> _5830_/D : -0.101885
[setup reg-reg] mprj.team_04_Wrapper.team_04_WB.instance_to_wrap/STB_O -> _5857_/D : -0.098911
[setup reg-reg] _5673_/Q -> mprj.team_03_Wrapper.team_03_WB.instance_to_wrap/DAT_I[26] : -0.093387
[setup reg-reg] _5673_/Q -> _5767_/D : -0.088310
[setup reg-reg] _5673_/Q -> _5768_/D : -0.086551
[setup reg-reg] _5673_/Q -> _5829_/D : -0.078039
[setup reg-reg] _5673_/Q -> _5796_/D : -0.071353
[setup reg-reg] _5673_/Q -> _5824_/D : -0.060773
[setup reg-reg] _5673_/Q -> _5809_/D : -0.058030
[setup reg-reg] mprj.team_04_Wrapper.team_04_WB.instance_to_wrap/STB_O -> _5832_/D : -0.056453
[setup reg-reg] _5673_/Q -> _5820_/D : -0.051227
[setup reg-reg] _5673_/Q -> _5823_/D : -0.046718
[setup reg-reg] _5673_/Q -> _5819_/D : -0.021824
[setup reg-reg] mprj.team_07_Wrapper.team_07_WB.instance_to_wrap/STB_O -> _5705_/D : -0.014268
