
===========================================================================
 report_power
============================================================================
======================= nom_ss_100C_1v60 Corner ===================================

Group                    Internal    Switching      Leakage        Total
                            Power        Power        Power        Power (Watts)
------------------------------------------------------------------------
Sequential           3.932048e-04 2.207575e-06 2.302619e-05 4.184386e-04  55.3%
Combinational        2.253591e-05 3.332538e-05 3.607664e-05 9.193793e-05  12.1%
Clock                1.008087e-04 1.444717e-04 1.499132e-06 2.467795e-04  32.6%
Macro                0.000000e+00 0.000000e+00 0.000000e+00 0.000000e+00   0.0%
Pad                  0.000000e+00 0.000000e+00 0.000000e+00 0.000000e+00   0.0%
------------------------------------------------------------------------
Total                5.165496e-04 1.800044e-04 6.060175e-05 7.571558e-04 100.0%
                            68.2%        23.8%         8.0%

