┏━━━━━━━━━━━━━━━━━━━━━━┳━━━━━━━━━━┳━━━━━━━━━━┳━━━━━━━━━━┳━━━━━━━━━━┳━━━━━━━━━━━┳━━━━━━━━━━┳━━━━━━━━━━━┳━━━━━━━━━━┳━━━━━━━━━━━┳━━━━━━━━━━┳━━━━━━━━━━━┳━━━━━━━━━━┓
┃                      ┃ Hold     ┃ Reg to   ┃          ┃          ┃ of which  ┃ Setup    ┃           ┃          ┃           ┃ of which ┃           ┃          ┃
┃                      ┃ Worst    ┃ Reg      ┃          ┃ Hold Vio ┃ reg to    ┃ Worst    ┃ Reg to    ┃ Setup    ┃ Setup Vio ┃ reg to   ┃ Max Cap   ┃ Max Slew ┃
┃ Corner/Group         ┃ Slack    ┃ Paths    ┃ Hold TNS ┃ Count    ┃ reg       ┃ Slack    ┃ Reg Paths ┃ TNS      ┃ Count     ┃ reg      ┃ Violatio… ┃ Violati… ┃
┡━━━━━━━━━━━━━━━━━━━━━━╇━━━━━━━━━━╇━━━━━━━━━━╇━━━━━━━━━━╇━━━━━━━━━━╇━━━━━━━━━━━╇━━━━━━━━━━╇━━━━━━━━━━━╇━━━━━━━━━━╇━━━━━━━━━━━╇━━━━━━━━━━╇━━━━━━━━━━━╇━━━━━━━━━━┩
│ Overall              │ 0.1073   │ 0.1073   │ 0.0000   │ 0        │ 0         │ 18.9724  │ 18.9724   │ 0.0000   │ 0         │ 0        │ 61        │ 2722     │
│ nom_tt_025C_1v80     │ 0.3241   │ 0.3241   │ 0.0000   │ 0        │ 0         │ 28.0105  │ 35.2771   │ 0.0000   │ 0         │ 0        │ 23        │ 46       │
│ nom_ss_100C_1v60     │ 0.8743   │ 0.8743   │ 0.0000   │ 0        │ 0         │ 19.6093  │ 19.6093   │ 0.0000   │ 0         │ 0        │ 27        │ 1826     │
│ nom_ff_n40C_1v95     │ 0.1108   │ 0.1108   │ 0.0000   │ 0        │ 0         │ 28.5359  │ 40.8829   │ 0.0000   │ 0         │ 0        │ 22        │ 12       │
│ min_tt_025C_1v80     │ 0.3177   │ 0.3177   │ 0.0000   │ 0        │ 0         │ 28.0896  │ 35.5989   │ 0.0000   │ 0         │ 0        │ 4         │ 20       │
│ min_ss_100C_1v60     │ 0.8624   │ 0.8624   │ 0.0000   │ 0        │ 0         │ 20.1985  │ 20.1985   │ 0.0000   │ 0         │ 0        │ 6         │ 852      │
│ min_ff_n40C_1v95     │ 0.1110   │ 0.1110   │ 0.0000   │ 0        │ 0         │ 28.5926  │ 41.0964   │ 0.0000   │ 0         │ 0        │ 4         │ 6        │
│ max_tt_025C_1v80     │ 0.3223   │ 0.3223   │ 0.0000   │ 0        │ 0         │ 27.9379  │ 34.9398   │ 0.0000   │ 0         │ 0        │ 58        │ 96       │
│ max_ss_100C_1v60     │ 0.8883   │ 0.8883   │ 0.0000   │ 0        │ 0         │ 18.9724  │ 18.9724   │ 0.0000   │ 0         │ 0        │ 61        │ 2722     │
│ max_ff_n40C_1v95     │ 0.1073   │ 0.1073   │ 0.0000   │ 0        │ 0         │ 28.4797  │ 40.6568   │ 0.0000   │ 0         │ 0        │ 57        │ 12       │
└──────────────────────┴──────────┴──────────┴──────────┴──────────┴───────────┴──────────┴───────────┴──────────┴───────────┴──────────┴───────────┴──────────┘
