
===========================================================================
report_checks -unconstrained
===========================================================================
======================= max_tt_025C_1v80 Corner ===================================

Startpoint: en (input port clocked by clk)
Endpoint: _13497_ (recovery check against rising-edge clock clk)
Path Group: asynchronous
Path Type: max

Fanout         Cap        Slew       Delay        Time   Description
---------------------------------------------------------------------------------------------
                                  0.000000    0.000000   clock clk (rise edge)
                                  0.000000    0.000000   clock network delay (propagated)
                                 20.000000   20.000000 ^ input external delay
     2    0.021941    0.104387    0.071605   20.071606 ^ en (in)
                                                         en (net)
                      0.104391    0.000000   20.071606 ^ input34/A (sky130_fd_sc_hd__clkbuf_1)
     1    0.003172    0.048534    0.099877   20.171482 ^ input34/X (sky130_fd_sc_hd__clkbuf_1)
                                                         net34 (net)
                      0.048534    0.000215   20.171698 ^ _06520_/A (sky130_fd_sc_hd__nand2_1)
     3    0.020036    0.146594    0.132275   20.303972 v _06520_/Y (sky130_fd_sc_hd__nand2_1)
                                                         _01451_ (net)
                      0.146604    0.001009   20.304981 v fanout1311/A (sky130_fd_sc_hd__clkbuf_2)
     7    0.034480    0.132208    0.231974   20.536955 v fanout1311/X (sky130_fd_sc_hd__clkbuf_2)
                                                         net1311 (net)
                      0.132302    0.003183   20.540138 v fanout1309/A (sky130_fd_sc_hd__clkbuf_4)
    20    0.116979    0.227850    0.331603   20.871742 v fanout1309/X (sky130_fd_sc_hd__clkbuf_4)
                                                         net1309 (net)
                      0.227975    0.004510   20.876253 v _06521_/A (sky130_fd_sc_hd__inv_2)
     6    0.111710    0.500823    0.454259   21.330511 ^ _06521_/Y (sky130_fd_sc_hd__inv_2)
                                                         _00004_ (net)
                      0.500855    0.003414   21.333925 ^ fanout1273/A (sky130_fd_sc_hd__clkbuf_4)
    11    0.152685    0.450179    0.544793   21.878717 ^ fanout1273/X (sky130_fd_sc_hd__clkbuf_4)
                                                         net1273 (net)
                      0.450238    0.004349   21.883066 ^ fanout1255/A (sky130_fd_sc_hd__buf_2)
    10    0.088114    0.425546    0.465969   22.349035 ^ fanout1255/X (sky130_fd_sc_hd__buf_2)
                                                         net1255 (net)
                      0.425593    0.003803   22.352839 ^ fanout1254/A (sky130_fd_sc_hd__buf_2)
    10    0.071821    0.348638    0.410406   22.763245 ^ fanout1254/X (sky130_fd_sc_hd__buf_2)
                                                         net1254 (net)
                      0.348726    0.004665   22.767910 ^ fanout1253/A (sky130_fd_sc_hd__clkbuf_2)
     5    0.036633    0.201365    0.294310   23.062220 ^ fanout1253/X (sky130_fd_sc_hd__clkbuf_2)
                                                         net1253 (net)
                      0.201566    0.004112   23.066332 ^ fanout1245/A (sky130_fd_sc_hd__buf_2)
    10    0.046521    0.227491    0.286610   23.352942 ^ fanout1245/X (sky130_fd_sc_hd__buf_2)
                                                         net1245 (net)
                      0.227521    0.002187   23.355127 ^ fanout1244/A (sky130_fd_sc_hd__clkbuf_4)
    10    0.057657    0.177722    0.293806   23.648933 ^ fanout1244/X (sky130_fd_sc_hd__clkbuf_4)
                                                         net1244 (net)
                      0.177856    0.002505   23.651440 ^ fanout1243/A (sky130_fd_sc_hd__clkbuf_4)
    10    0.048705    0.152878    0.260538   23.911978 ^ fanout1243/X (sky130_fd_sc_hd__clkbuf_4)
                                                         net1243 (net)
                      0.152994    0.003824   23.915802 ^ _13497_/RESET_B (sky130_fd_sc_hd__dfrtp_4)
                                             23.915802   data arrival time

                                100.000000  100.000000   clock clk (rise edge)
                                  0.000000  100.000000   clock source latency
     2    0.150244    0.675785    0.484881  100.484879 ^ clk (in)
                                                         clk (net)
                      0.678459    0.000000  100.484879 ^ clkbuf_0_clk/A (sky130_fd_sc_hd__clkbuf_16)
    33    0.381587    0.390232    0.506248  100.991127 ^ clkbuf_0_clk/X (sky130_fd_sc_hd__clkbuf_16)
                                                         clknet_0_clk (net)
                      0.392872    0.026269  101.017395 ^ clkbuf_4_14_0_clk/A (sky130_fd_sc_hd__clkbuf_8)
     6    0.056931    0.112987    0.274582  101.291977 ^ clkbuf_4_14_0_clk/X (sky130_fd_sc_hd__clkbuf_8)
                                                         clknet_4_14_0_clk (net)
                      0.113660    0.006629  101.298607 ^ clkbuf_leaf_73_clk/A (sky130_fd_sc_hd__clkbuf_8)
     6    0.025146    0.058940    0.163482  101.462090 ^ clkbuf_leaf_73_clk/X (sky130_fd_sc_hd__clkbuf_8)
                                                         clknet_leaf_73_clk (net)
                      0.059017    0.001826  101.463913 ^ _13497_/CLK (sky130_fd_sc_hd__dfrtp_4)
                                 -0.250000  101.213913   clock uncertainty
                                  0.000000  101.213913   clock reconvergence pessimism
                                  0.186642  101.400558   library recovery time
                                            101.400558   data required time
---------------------------------------------------------------------------------------------
                                            101.400558   data required time
                                            -23.915802   data arrival time
---------------------------------------------------------------------------------------------
                                             77.484749   slack (MET)


Startpoint: en (input port clocked by clk)
Endpoint: _13232_ (rising edge-triggered flip-flop clocked by clk)
Path Group: clk
Path Type: max

Fanout         Cap        Slew       Delay        Time   Description
---------------------------------------------------------------------------------------------
                                  0.000000    0.000000   clock clk (rise edge)
                                  0.000000    0.000000   clock network delay (propagated)
                                 20.000000   20.000000 ^ input external delay
     2    0.021941    0.104387    0.071605   20.071606 ^ en (in)
                                                         en (net)
                      0.104391    0.000000   20.071606 ^ input34/A (sky130_fd_sc_hd__clkbuf_1)
     1    0.003172    0.048534    0.099877   20.171482 ^ input34/X (sky130_fd_sc_hd__clkbuf_1)
                                                         net34 (net)
                      0.048534    0.000215   20.171698 ^ _06520_/A (sky130_fd_sc_hd__nand2_1)
     3    0.020036    0.146594    0.132275   20.303972 v _06520_/Y (sky130_fd_sc_hd__nand2_1)
                                                         _01451_ (net)
                      0.146604    0.001009   20.304981 v fanout1311/A (sky130_fd_sc_hd__clkbuf_2)
     7    0.034480    0.132208    0.231974   20.536955 v fanout1311/X (sky130_fd_sc_hd__clkbuf_2)
                                                         net1311 (net)
                      0.132302    0.003183   20.540138 v fanout1309/A (sky130_fd_sc_hd__clkbuf_4)
    20    0.116979    0.227850    0.331603   20.871742 v fanout1309/X (sky130_fd_sc_hd__clkbuf_4)
                                                         net1309 (net)
                      0.227975    0.004510   20.876253 v _06521_/A (sky130_fd_sc_hd__inv_2)
     6    0.111710    0.500823    0.454259   21.330511 ^ _06521_/Y (sky130_fd_sc_hd__inv_2)
                                                         _00004_ (net)
                      0.500855    0.003414   21.333925 ^ fanout1273/A (sky130_fd_sc_hd__clkbuf_4)
    11    0.152685    0.450179    0.544793   21.878717 ^ fanout1273/X (sky130_fd_sc_hd__clkbuf_4)
                                                         net1273 (net)
                      0.450238    0.004349   21.883066 ^ fanout1255/A (sky130_fd_sc_hd__buf_2)
    10    0.088114    0.425546    0.465969   22.349035 ^ fanout1255/X (sky130_fd_sc_hd__buf_2)
                                                         net1255 (net)
                      0.425593    0.003803   22.352839 ^ fanout1254/A (sky130_fd_sc_hd__buf_2)
    10    0.071821    0.348638    0.410406   22.763245 ^ fanout1254/X (sky130_fd_sc_hd__buf_2)
                                                         net1254 (net)
                      0.348726    0.004665   22.767910 ^ fanout1253/A (sky130_fd_sc_hd__clkbuf_2)
     5    0.036633    0.201365    0.294310   23.062220 ^ fanout1253/X (sky130_fd_sc_hd__clkbuf_2)
                                                         net1253 (net)
                      0.201566    0.004112   23.066332 ^ fanout1245/A (sky130_fd_sc_hd__buf_2)
    10    0.046521    0.227491    0.286610   23.352942 ^ fanout1245/X (sky130_fd_sc_hd__buf_2)
                                                         net1245 (net)
                      0.227521    0.002187   23.355127 ^ fanout1244/A (sky130_fd_sc_hd__clkbuf_4)
    10    0.057657    0.177722    0.293806   23.648933 ^ fanout1244/X (sky130_fd_sc_hd__clkbuf_4)
                                                         net1244 (net)
                      0.177856    0.002505   23.651440 ^ fanout1243/A (sky130_fd_sc_hd__clkbuf_4)
    10    0.048705    0.152878    0.260538   23.911978 ^ fanout1243/X (sky130_fd_sc_hd__clkbuf_4)
                                                         net1243 (net)
                      0.152960    0.003274   23.915251 ^ _10111_/B (sky130_fd_sc_hd__nor2_1)
     1    0.002459    0.039459    0.054536   23.969788 v _10111_/Y (sky130_fd_sc_hd__nor2_1)
                                                         _05038_ (net)
                      0.039459    0.000115   23.969902 v _10121_/B1 (sky130_fd_sc_hd__a31o_1)
     6    0.063996    0.291523    0.396485   24.366386 v _10121_/X (sky130_fd_sc_hd__a31o_1)
                                                         _05048_ (net)
                      0.291700    0.004491   24.370878 v _10154_/A (sky130_fd_sc_hd__or4_1)
     4    0.012690    0.140537    0.672211   25.043089 v _10154_/X (sky130_fd_sc_hd__or4_1)
                                                         _05081_ (net)
                      0.140537    0.000421   25.043509 v _10323_/A (sky130_fd_sc_hd__or4_1)
     1    0.002350    0.078519    0.535149   25.578659 v _10323_/X (sky130_fd_sc_hd__or4_1)
                                                         _05250_ (net)
                      0.078519    0.000140   25.578798 v _10324_/C (sky130_fd_sc_hd__or3_2)
     3    0.023203    0.136384    0.505768   26.084566 v _10324_/X (sky130_fd_sc_hd__or3_2)
                                                         _05251_ (net)
                      0.136398    0.001465   26.086031 v _10330_/C (sky130_fd_sc_hd__and4_4)
     8    0.048125    0.087745    0.277476   26.363508 v _10330_/X (sky130_fd_sc_hd__and4_4)
                                                         _05256_ (net)
                      0.088078    0.004643   26.368151 v _11198_/A2 (sky130_fd_sc_hd__a21oi_4)
     8    0.083417    0.583329    0.509475   26.877626 ^ _11198_/Y (sky130_fd_sc_hd__a21oi_4)
                                                         _05840_ (net)
                      0.583394    0.005185   26.882811 ^ fanout138/A (sky130_fd_sc_hd__buf_2)
    20    0.120732    0.574840    0.595080   27.477890 ^ fanout138/X (sky130_fd_sc_hd__buf_2)
                                                         net138 (net)
                      0.575019    0.008495   27.486385 ^ fanout137/A (sky130_fd_sc_hd__clkbuf_4)
    20    0.126988    0.377308    0.508324   27.994709 ^ fanout137/X (sky130_fd_sc_hd__clkbuf_4)
                                                         net137 (net)
                      0.378121    0.014422   28.009132 ^ _11200_/A3 (sky130_fd_sc_hd__a32o_1)
     1    0.003174    0.065319    0.221711   28.230843 ^ _11200_/X (sky130_fd_sc_hd__a32o_1)
                                                         _00222_ (net)
                      0.065319    0.000199   28.231041 ^ _13232_/D (sky130_fd_sc_hd__dfrtp_1)
                                             28.231041   data arrival time

                                100.000000  100.000000   clock clk (rise edge)
                                  0.000000  100.000000   clock source latency
     2    0.150244    0.675785    0.484881  100.484879 ^ clk (in)
                                                         clk (net)
                      0.678459    0.000000  100.484879 ^ clkbuf_0_clk/A (sky130_fd_sc_hd__clkbuf_16)
    33    0.381587    0.390232    0.506248  100.991127 ^ clkbuf_0_clk/X (sky130_fd_sc_hd__clkbuf_16)
                                                         clknet_0_clk (net)
                      0.392872    0.026269  101.017395 ^ clkbuf_4_14_0_clk/A (sky130_fd_sc_hd__clkbuf_8)
     6    0.056931    0.112987    0.274582  101.291977 ^ clkbuf_4_14_0_clk/X (sky130_fd_sc_hd__clkbuf_8)
                                                         clknet_4_14_0_clk (net)
                      0.113660    0.006629  101.298607 ^ clkbuf_leaf_73_clk/A (sky130_fd_sc_hd__clkbuf_8)
     6    0.025146    0.058940    0.163482  101.462090 ^ clkbuf_leaf_73_clk/X (sky130_fd_sc_hd__clkbuf_8)
                                                         clknet_leaf_73_clk (net)
                      0.058961    0.001066  101.463150 ^ _13232_/CLK (sky130_fd_sc_hd__dfrtp_1)
                                 -0.250000  101.213158   clock uncertainty
                                  0.000000  101.213158   clock reconvergence pessimism
                                 -0.062408  101.150749   library setup time
                                            101.150749   data required time
---------------------------------------------------------------------------------------------
                                            101.150749   data required time
                                            -28.231041   data arrival time
---------------------------------------------------------------------------------------------
                                             72.919708   slack (MET)




===========================================================================
report_checks --slack_max -0.01
============================================================================
======================= max_tt_025C_1v80 Corner ===================================

No paths found.


===========================================================================
 report_check_types -max_slew -max_cap -max_fanout -violators
============================================================================
======================= max_tt_025C_1v80 Corner ===================================

max slew

Pin                                        Limit        Slew       Slack
------------------------------------------------------------------------
_08590_/A                               0.750000    1.008456   -0.258456 (VIOLATED)
ANTENNA__08590__A/DIODE                 0.750000    1.008438   -0.258438 (VIOLATED)
_08610_/A                               0.750000    1.008429   -0.258429 (VIOLATED)
ANTENNA__08610__A/DIODE                 0.750000    1.008415   -0.258415 (VIOLATED)
_08525_/A                               0.750000    1.007782   -0.257782 (VIOLATED)
ANTENNA__08525__A/DIODE                 0.750000    1.007758   -0.257758 (VIOLATED)
ANTENNA__06836__A/DIODE                 0.750000    1.005975   -0.255975 (VIOLATED)
ANTENNA__06831__A/DIODE                 0.750000    1.005942   -0.255942 (VIOLATED)
_06831_/A                               0.750000    1.005578   -0.255578 (VIOLATED)
_06836_/A                               0.750000    1.005565   -0.255565 (VIOLATED)
_06827_/A                               0.750000    1.005206   -0.255206 (VIOLATED)
ANTENNA__06827__A/DIODE                 0.750000    1.005003   -0.255003 (VIOLATED)
_06806_/A                               0.750000    1.004643   -0.254643 (VIOLATED)
ANTENNA__06806__A/DIODE                 0.750000    1.004610   -0.254610 (VIOLATED)
_06805_/A                               0.750000    1.004408   -0.254408 (VIOLATED)
ANTENNA__06805__A/DIODE                 0.750000    1.004282   -0.254281 (VIOLATED)
ANTENNA__06816__A/DIODE                 0.750000    1.004250   -0.254250 (VIOLATED)
_06816_/A                               0.750000    1.004044   -0.254044 (VIOLATED)
_06763_/A2                              0.750000    1.003932   -0.253932 (VIOLATED)
ANTENNA__06763__A2/DIODE                0.750000    1.003931   -0.253931 (VIOLATED)
_06711_/Y                               0.750000    1.003645   -0.253645 (VIOLATED)
_10454_/A                               0.750000    0.981507   -0.231507 (VIOLATED)
ANTENNA__10454__A/DIODE                 0.750000    0.981490   -0.231490 (VIOLATED)
ANTENNA__11405__A/DIODE                 0.750000    0.981453   -0.231453 (VIOLATED)
_11405_/A                               0.750000    0.981406   -0.231406 (VIOLATED)
_11257_/A1_N                            0.750000    0.979079   -0.229080 (VIOLATED)
ANTENNA__11257__A1_N/DIODE              0.750000    0.979077   -0.229077 (VIOLATED)
_07308_/A2                              0.750000    0.978439   -0.228439 (VIOLATED)
fanout696/A                             0.750000    0.978352   -0.228352 (VIOLATED)
wire697/A                               0.750000    0.978351   -0.228351 (VIOLATED)
_06901_/Y                               0.750000    0.978347   -0.228347 (VIOLATED)
ANTENNA__07308__A2/DIODE                0.750000    0.978328   -0.228328 (VIOLATED)
_07307_/Y                               0.750000    0.977906   -0.227906 (VIOLATED)
_08177_/B                               0.750000    0.942221   -0.192221 (VIOLATED)
ANTENNA__08177__B/DIODE                 0.750000    0.942220   -0.192220 (VIOLATED)
_08330_/B                               0.750000    0.942203   -0.192203 (VIOLATED)
ANTENNA__08303__C/DIODE                 0.750000    0.942202   -0.192202 (VIOLATED)
ANTENNA__08330__B/DIODE                 0.750000    0.942198   -0.192198 (VIOLATED)
_08304_/B                               0.750000    0.942189   -0.192189 (VIOLATED)
_08303_/C                               0.750000    0.942185   -0.192185 (VIOLATED)
ANTENNA__08346__C/DIODE                 0.750000    0.942174   -0.192174 (VIOLATED)
_08346_/C                               0.750000    0.942139   -0.192139 (VIOLATED)
_08229_/B                               0.750000    0.942073   -0.192073 (VIOLATED)
ANTENNA__08304__B/DIODE                 0.750000    0.942072   -0.192072 (VIOLATED)
ANTENNA__08229__B/DIODE                 0.750000    0.942069   -0.192069 (VIOLATED)
ANTENNA__06840__A/DIODE                 0.750000    0.942069   -0.192069 (VIOLATED)
_06840_/A                               0.750000    0.942068   -0.192068 (VIOLATED)
ANTENNA__06847__B/DIODE                 0.750000    0.942015   -0.192015 (VIOLATED)
_06847_/B                               0.750000    0.942015   -0.192015 (VIOLATED)
ANTENNA__06846__C/DIODE                 0.750000    0.941804   -0.191804 (VIOLATED)
ANTENNA__06834__C/DIODE                 0.750000    0.941725   -0.191725 (VIOLATED)
_06834_/C                               0.750000    0.941724   -0.191725 (VIOLATED)
_06846_/C                               0.750000    0.941724   -0.191725 (VIOLATED)
_06808_/Y                               0.750000    0.941697   -0.191697 (VIOLATED)
wire155/A                               0.750000    0.877380   -0.127380 (VIOLATED)
fanout154/A                             0.750000    0.877378   -0.127378 (VIOLATED)
_10337_/Y                               0.750000    0.877377   -0.127377 (VIOLATED)
ANTENNA_fanout267_A/DIODE               0.750000    0.866728   -0.116728 (VIOLATED)
fanout267/A                             0.750000    0.866726   -0.116726 (VIOLATED)
ANTENNA_fanout268_A/DIODE               0.750000    0.866714   -0.116714 (VIOLATED)
fanout268/A                             0.750000    0.866703   -0.116703 (VIOLATED)
ANTENNA_fanout266_A/DIODE               0.750000    0.866683   -0.116683 (VIOLATED)
fanout266/A                             0.750000    0.866682   -0.116682 (VIOLATED)
fanout265/A                             0.750000    0.866626   -0.116626 (VIOLATED)
ANTENNA_fanout265_A/DIODE               0.750000    0.866563   -0.116563 (VIOLATED)
_10794_/Y                               0.750000    0.866038   -0.116038 (VIOLATED)
_06801_/A                               0.750000    0.788583   -0.038583 (VIOLATED)
_09903_/A2                              0.750000    0.788571   -0.038571 (VIOLATED)
ANTENNA__09903__A2/DIODE                0.750000    0.788550   -0.038550 (VIOLATED)
ANTENNA__06801__A/DIODE                 0.750000    0.788519   -0.038519 (VIOLATED)
ANTENNA__06803__A/DIODE                 0.750000    0.788499   -0.038499 (VIOLATED)
_06803_/A                               0.750000    0.788499   -0.038499 (VIOLATED)
_09750_/B1_N                            0.750000    0.788301   -0.038301 (VIOLATED)
ANTENNA__09750__B1_N/DIODE              0.750000    0.788244   -0.038244 (VIOLATED)
ANTENNA__06689__C/DIODE                 0.750000    0.788133   -0.038133 (VIOLATED)
_06802_/A                               0.750000    0.788079   -0.038079 (VIOLATED)
ANTENNA__06802__A/DIODE                 0.750000    0.788074   -0.038074 (VIOLATED)
_06689_/C                               0.750000    0.788070   -0.038071 (VIOLATED)
_06785_/A2                              0.750000    0.787952   -0.037952 (VIOLATED)
ANTENNA__06785__A2/DIODE                0.750000    0.787948   -0.037948 (VIOLATED)
_06686_/Y                               0.750000    0.787869   -0.037869 (VIOLATED)
fanout434/A                             0.750000    0.777030   -0.027030 (VIOLATED)
ANTENNA_fanout434_A/DIODE               0.750000    0.777028   -0.027028 (VIOLATED)
ANTENNA_fanout432_A/DIODE               0.750000    0.776978   -0.026978 (VIOLATED)
fanout432/A                             0.750000    0.776975   -0.026975 (VIOLATED)
max_cap435/A                            0.750000    0.776950   -0.026950 (VIOLATED)
ANTENNA_max_cap435_A/DIODE              0.750000    0.776950   -0.026950 (VIOLATED)
_12666_/Y                               0.750000    0.776942   -0.026942 (VIOLATED)
ANTENNA__08608__A0/DIODE                0.750000    0.776079   -0.026079 (VIOLATED)
_08608_/A0                              0.750000    0.776079   -0.026079 (VIOLATED)
ANTENNA__08587__A0/DIODE                0.750000    0.776074   -0.026074 (VIOLATED)
_08587_/A0                              0.750000    0.776069   -0.026069 (VIOLATED)
_08524_/A1                              0.750000    0.776024   -0.026024 (VIOLATED)
ANTENNA__08524__A1/DIODE                0.750000    0.776020   -0.026020 (VIOLATED)
_06815_/B                               0.750000    0.775839   -0.025839 (VIOLATED)
_06831_/C                               0.750000    0.775834   -0.025834 (VIOLATED)
ANTENNA__06831__C/DIODE                 0.750000    0.775832   -0.025832 (VIOLATED)
_06812_/C                               0.750000    0.775820   -0.025820 (VIOLATED)
ANTENNA__06815__B/DIODE                 0.750000    0.775820   -0.025820 (VIOLATED)
ANTENNA__06812__C/DIODE                 0.750000    0.775820   -0.025820 (VIOLATED)
_06805_/C                               0.750000    0.775816   -0.025816 (VIOLATED)
ANTENNA__06805__C/DIODE                 0.750000    0.775815   -0.025815 (VIOLATED)
_06807_/C                               0.750000    0.775807   -0.025807 (VIOLATED)
ANTENNA__06807__C/DIODE                 0.750000    0.775800   -0.025800 (VIOLATED)
_06765_/A2                              0.750000    0.775768   -0.025768 (VIOLATED)
ANTENNA__06765__A2/DIODE                0.750000    0.775765   -0.025765 (VIOLATED)
_06729_/Y                               0.750000    0.775731   -0.025731 (VIOLATED)
fanout208/A                             0.750000    0.764105   -0.014105 (VIOLATED)
ANTENNA_fanout208_A/DIODE               0.750000    0.764098   -0.014098 (VIOLATED)
ANTENNA__10195__A1/DIODE                0.750000    0.764087   -0.014087 (VIOLATED)
_11808_/A                               0.750000    0.764075   -0.014075 (VIOLATED)
ANTENNA__11808__A/DIODE                 0.750000    0.764074   -0.014074 (VIOLATED)
_10195_/A1                              0.750000    0.764065   -0.014065 (VIOLATED)
ANTENNA_fanout205_A/DIODE               0.750000    0.764028   -0.014028 (VIOLATED)
fanout205/A                             0.750000    0.763982   -0.013982 (VIOLATED)
_09738_/Y                               0.750000    0.763911   -0.013911 (VIOLATED)
ANTENNA__08310__C/DIODE                 0.750000    0.758924   -0.008924 (VIOLATED)
_08310_/C                               0.750000    0.758906   -0.008906 (VIOLATED)
ANTENNA__08168__B/DIODE                 0.750000    0.758882   -0.008882 (VIOLATED)
_08168_/B                               0.750000    0.758881   -0.008881 (VIOLATED)
_08340_/B                               0.750000    0.758859   -0.008859 (VIOLATED)
ANTENNA__08340__B/DIODE                 0.750000    0.758857   -0.008857 (VIOLATED)
ANTENNA__08326__C/DIODE                 0.750000    0.758574   -0.008574 (VIOLATED)
_08326_/C                               0.750000    0.758574   -0.008574 (VIOLATED)
_06832_/A                               0.750000    0.758524   -0.008524 (VIOLATED)
ANTENNA__06832__A/DIODE                 0.750000    0.758496   -0.008496 (VIOLATED)
ANTENNA__06852__B/DIODE                 0.750000    0.758440   -0.008440 (VIOLATED)
_06852_/B                               0.750000    0.758426   -0.008426 (VIOLATED)
_06821_/C                               0.750000    0.758425   -0.008425 (VIOLATED)
ANTENNA__06821__C/DIODE                 0.750000    0.758424   -0.008424 (VIOLATED)
_06844_/C                               0.750000    0.758423   -0.008423 (VIOLATED)
ANTENNA__06844__C/DIODE                 0.750000    0.758423   -0.008423 (VIOLATED)
_06814_/Y                               0.750000    0.758405   -0.008405 (VIOLATED)

max fanout

Pin                                   Limit Fanout  Slack
---------------------------------------------------------
clkbuf_0_clk/X                           10     33    -23 (VIOLATED)
clkbuf_leaf_80_clk/X                     10     25    -15 (VIOLATED)
clkbuf_leaf_88_clk/X                     10     25    -15 (VIOLATED)
clkbuf_leaf_89_clk/X                     10     25    -15 (VIOLATED)
clkbuf_leaf_23_clk/X                     10     22    -12 (VIOLATED)
clkbuf_leaf_51_clk/X                     10     22    -12 (VIOLATED)
clkbuf_leaf_33_clk/X                     10     21    -11 (VIOLATED)
clkbuf_leaf_92_clk/X                     10     21    -11 (VIOLATED)
fanout433/X                              10     21    -11 (VIOLATED)
fanout441/X                              10     21    -11 (VIOLATED)
fanout694/X                              10     21    -11 (VIOLATED)
fanout760/X                              10     21    -11 (VIOLATED)
fanout767/X                              10     21    -11 (VIOLATED)
fanout818/X                              10     21    -11 (VIOLATED)
fanout902/X                              10     21    -11 (VIOLATED)
fanout970/X                              10     21    -11 (VIOLATED)
_06711_/Y                                10     20    -10 (VIOLATED)
_06719_/X                                10     20    -10 (VIOLATED)
_06755_/X                                10     20    -10 (VIOLATED)
_06808_/Y                                10     20    -10 (VIOLATED)
_06977_/X                                10     20    -10 (VIOLATED)
_07152_/X                                10     20    -10 (VIOLATED)
_07504_/X                                10     20    -10 (VIOLATED)
_08317_/X                                10     20    -10 (VIOLATED)
_08380_/X                                10     20    -10 (VIOLATED)
_11092_/Y                                10     20    -10 (VIOLATED)
clkbuf_4_1_0_clk/X                       10     20    -10 (VIOLATED)
clkbuf_4_5_0_clk/X                       10     20    -10 (VIOLATED)
clkbuf_4_6_0_clk/X                       10     20    -10 (VIOLATED)
clkbuf_leaf_13_clk/X                     10     20    -10 (VIOLATED)
clkbuf_leaf_32_clk/X                     10     20    -10 (VIOLATED)
clkbuf_leaf_3_clk/X                      10     20    -10 (VIOLATED)
clkbuf_leaf_43_clk/X                     10     20    -10 (VIOLATED)
clkbuf_leaf_45_clk/X                     10     20    -10 (VIOLATED)
fanout1011/X                             10     20    -10 (VIOLATED)
fanout1013/X                             10     20    -10 (VIOLATED)
fanout1016/X                             10     20    -10 (VIOLATED)
fanout1029/X                             10     20    -10 (VIOLATED)
fanout1045/X                             10     20    -10 (VIOLATED)
fanout1051/X                             10     20    -10 (VIOLATED)
fanout1055/X                             10     20    -10 (VIOLATED)
fanout1056/X                             10     20    -10 (VIOLATED)
fanout1057/X                             10     20    -10 (VIOLATED)
fanout1166/X                             10     20    -10 (VIOLATED)
fanout1230/X                             10     20    -10 (VIOLATED)
fanout128/X                              10     20    -10 (VIOLATED)
fanout1309/X                             10     20    -10 (VIOLATED)
fanout1312/X                             10     20    -10 (VIOLATED)
fanout132/X                              10     20    -10 (VIOLATED)
fanout134/X                              10     20    -10 (VIOLATED)
fanout137/X                              10     20    -10 (VIOLATED)
fanout138/X                              10     20    -10 (VIOLATED)
fanout139/X                              10     20    -10 (VIOLATED)
fanout140/X                              10     20    -10 (VIOLATED)
fanout142/X                              10     20    -10 (VIOLATED)
fanout144/X                              10     20    -10 (VIOLATED)
fanout149/X                              10     20    -10 (VIOLATED)
fanout161/X                              10     20    -10 (VIOLATED)
fanout175/X                              10     20    -10 (VIOLATED)
fanout177/X                              10     20    -10 (VIOLATED)
fanout200/X                              10     20    -10 (VIOLATED)
fanout201/X                              10     20    -10 (VIOLATED)
fanout203/X                              10     20    -10 (VIOLATED)
fanout205/X                              10     20    -10 (VIOLATED)
fanout220/X                              10     20    -10 (VIOLATED)
fanout302/X                              10     20    -10 (VIOLATED)
fanout303/X                              10     20    -10 (VIOLATED)
fanout317/X                              10     20    -10 (VIOLATED)
fanout426/X                              10     20    -10 (VIOLATED)
fanout428/X                              10     20    -10 (VIOLATED)
fanout431/X                              10     20    -10 (VIOLATED)
fanout436/X                              10     20    -10 (VIOLATED)
fanout437/X                              10     20    -10 (VIOLATED)
fanout440/X                              10     20    -10 (VIOLATED)
fanout444/X                              10     20    -10 (VIOLATED)
fanout445/X                              10     20    -10 (VIOLATED)
fanout448/X                              10     20    -10 (VIOLATED)
fanout449/X                              10     20    -10 (VIOLATED)
fanout452/X                              10     20    -10 (VIOLATED)
fanout453/X                              10     20    -10 (VIOLATED)
fanout454/X                              10     20    -10 (VIOLATED)
fanout456/X                              10     20    -10 (VIOLATED)
fanout457/X                              10     20    -10 (VIOLATED)
fanout460/X                              10     20    -10 (VIOLATED)
fanout461/X                              10     20    -10 (VIOLATED)
fanout462/X                              10     20    -10 (VIOLATED)
fanout464/X                              10     20    -10 (VIOLATED)
fanout465/X                              10     20    -10 (VIOLATED)
fanout468/X                              10     20    -10 (VIOLATED)
fanout469/X                              10     20    -10 (VIOLATED)
fanout470/X                              10     20    -10 (VIOLATED)
fanout472/X                              10     20    -10 (VIOLATED)
fanout473/X                              10     20    -10 (VIOLATED)
fanout474/X                              10     20    -10 (VIOLATED)
fanout476/X                              10     20    -10 (VIOLATED)
fanout478/X                              10     20    -10 (VIOLATED)
fanout480/X                              10     20    -10 (VIOLATED)
fanout482/X                              10     20    -10 (VIOLATED)
fanout484/X                              10     20    -10 (VIOLATED)
fanout485/X                              10     20    -10 (VIOLATED)
fanout491/X                              10     20    -10 (VIOLATED)
fanout492/X                              10     20    -10 (VIOLATED)
fanout504/X                              10     20    -10 (VIOLATED)
fanout505/X                              10     20    -10 (VIOLATED)
fanout506/X                              10     20    -10 (VIOLATED)
fanout507/X                              10     20    -10 (VIOLATED)
fanout509/X                              10     20    -10 (VIOLATED)
fanout510/X                              10     20    -10 (VIOLATED)
fanout512/X                              10     20    -10 (VIOLATED)
fanout513/X                              10     20    -10 (VIOLATED)
fanout514/X                              10     20    -10 (VIOLATED)
fanout515/X                              10     20    -10 (VIOLATED)
fanout516/X                              10     20    -10 (VIOLATED)
fanout517/X                              10     20    -10 (VIOLATED)
fanout518/X                              10     20    -10 (VIOLATED)
fanout519/X                              10     20    -10 (VIOLATED)
fanout520/X                              10     20    -10 (VIOLATED)
fanout521/X                              10     20    -10 (VIOLATED)
fanout522/X                              10     20    -10 (VIOLATED)
fanout523/X                              10     20    -10 (VIOLATED)
fanout524/X                              10     20    -10 (VIOLATED)
fanout526/X                              10     20    -10 (VIOLATED)
fanout527/X                              10     20    -10 (VIOLATED)
fanout528/X                              10     20    -10 (VIOLATED)
fanout529/X                              10     20    -10 (VIOLATED)
fanout531/X                              10     20    -10 (VIOLATED)
fanout532/X                              10     20    -10 (VIOLATED)
fanout533/X                              10     20    -10 (VIOLATED)
fanout534/X                              10     20    -10 (VIOLATED)
fanout536/X                              10     20    -10 (VIOLATED)
fanout537/X                              10     20    -10 (VIOLATED)
fanout538/X                              10     20    -10 (VIOLATED)
fanout541/X                              10     20    -10 (VIOLATED)
fanout542/X                              10     20    -10 (VIOLATED)
fanout545/X                              10     20    -10 (VIOLATED)
fanout546/X                              10     20    -10 (VIOLATED)
fanout549/X                              10     20    -10 (VIOLATED)
fanout551/X                              10     20    -10 (VIOLATED)
fanout553/X                              10     20    -10 (VIOLATED)
fanout554/X                              10     20    -10 (VIOLATED)
fanout555/X                              10     20    -10 (VIOLATED)
fanout557/X                              10     20    -10 (VIOLATED)
fanout558/X                              10     20    -10 (VIOLATED)
fanout561/X                              10     20    -10 (VIOLATED)
fanout563/X                              10     20    -10 (VIOLATED)
fanout565/X                              10     20    -10 (VIOLATED)
fanout567/X                              10     20    -10 (VIOLATED)
fanout569/X                              10     20    -10 (VIOLATED)
fanout571/X                              10     20    -10 (VIOLATED)
fanout573/X                              10     20    -10 (VIOLATED)
fanout575/X                              10     20    -10 (VIOLATED)
fanout578/X                              10     20    -10 (VIOLATED)
fanout580/X                              10     20    -10 (VIOLATED)
fanout582/X                              10     20    -10 (VIOLATED)
fanout584/X                              10     20    -10 (VIOLATED)
fanout586/X                              10     20    -10 (VIOLATED)
fanout587/X                              10     20    -10 (VIOLATED)
fanout588/X                              10     20    -10 (VIOLATED)
fanout590/X                              10     20    -10 (VIOLATED)
fanout592/X                              10     20    -10 (VIOLATED)
fanout594/X                              10     20    -10 (VIOLATED)
fanout596/X                              10     20    -10 (VIOLATED)
fanout598/X                              10     20    -10 (VIOLATED)
fanout600/X                              10     20    -10 (VIOLATED)
fanout602/X                              10     20    -10 (VIOLATED)
fanout603/X                              10     20    -10 (VIOLATED)
fanout604/X                              10     20    -10 (VIOLATED)
fanout606/X                              10     20    -10 (VIOLATED)
fanout607/X                              10     20    -10 (VIOLATED)
fanout611/X                              10     20    -10 (VIOLATED)
fanout612/X                              10     20    -10 (VIOLATED)
fanout613/X                              10     20    -10 (VIOLATED)
fanout617/X                              10     20    -10 (VIOLATED)
fanout618/X                              10     20    -10 (VIOLATED)
fanout623/X                              10     20    -10 (VIOLATED)
fanout624/X                              10     20    -10 (VIOLATED)
fanout625/X                              10     20    -10 (VIOLATED)
fanout626/X                              10     20    -10 (VIOLATED)
fanout627/X                              10     20    -10 (VIOLATED)
fanout634/X                              10     20    -10 (VIOLATED)
fanout638/X                              10     20    -10 (VIOLATED)
fanout639/X                              10     20    -10 (VIOLATED)
fanout640/X                              10     20    -10 (VIOLATED)
fanout641/X                              10     20    -10 (VIOLATED)
fanout642/X                              10     20    -10 (VIOLATED)
fanout646/X                              10     20    -10 (VIOLATED)
fanout651/X                              10     20    -10 (VIOLATED)
fanout653/X                              10     20    -10 (VIOLATED)
fanout655/X                              10     20    -10 (VIOLATED)
fanout656/X                              10     20    -10 (VIOLATED)
fanout659/X                              10     20    -10 (VIOLATED)
fanout668/X                              10     20    -10 (VIOLATED)
fanout670/X                              10     20    -10 (VIOLATED)
fanout674/X                              10     20    -10 (VIOLATED)
fanout675/X                              10     20    -10 (VIOLATED)
fanout676/X                              10     20    -10 (VIOLATED)
fanout679/X                              10     20    -10 (VIOLATED)
fanout680/X                              10     20    -10 (VIOLATED)
fanout681/X                              10     20    -10 (VIOLATED)
fanout684/X                              10     20    -10 (VIOLATED)
fanout688/X                              10     20    -10 (VIOLATED)
fanout690/X                              10     20    -10 (VIOLATED)
fanout692/X                              10     20    -10 (VIOLATED)
fanout693/X                              10     20    -10 (VIOLATED)
fanout695/X                              10     20    -10 (VIOLATED)
fanout696/X                              10     20    -10 (VIOLATED)
fanout706/X                              10     20    -10 (VIOLATED)
fanout709/X                              10     20    -10 (VIOLATED)
fanout710/X                              10     20    -10 (VIOLATED)
fanout714/X                              10     20    -10 (VIOLATED)
fanout715/X                              10     20    -10 (VIOLATED)
fanout717/X                              10     20    -10 (VIOLATED)
fanout718/X                              10     20    -10 (VIOLATED)
fanout720/X                              10     20    -10 (VIOLATED)
fanout722/X                              10     20    -10 (VIOLATED)
fanout723/X                              10     20    -10 (VIOLATED)
fanout726/X                              10     20    -10 (VIOLATED)
fanout727/X                              10     20    -10 (VIOLATED)
fanout730/X                              10     20    -10 (VIOLATED)
fanout731/X                              10     20    -10 (VIOLATED)
fanout734/X                              10     20    -10 (VIOLATED)
fanout735/X                              10     20    -10 (VIOLATED)
fanout737/X                              10     20    -10 (VIOLATED)
fanout738/X                              10     20    -10 (VIOLATED)
fanout739/X                              10     20    -10 (VIOLATED)
fanout740/X                              10     20    -10 (VIOLATED)
fanout741/X                              10     20    -10 (VIOLATED)
fanout744/X                              10     20    -10 (VIOLATED)
fanout746/X                              10     20    -10 (VIOLATED)
fanout748/X                              10     20    -10 (VIOLATED)
fanout749/X                              10     20    -10 (VIOLATED)
fanout751/X                              10     20    -10 (VIOLATED)
fanout752/X                              10     20    -10 (VIOLATED)
fanout755/X                              10     20    -10 (VIOLATED)
fanout756/X                              10     20    -10 (VIOLATED)
fanout759/X                              10     20    -10 (VIOLATED)
fanout763/X                              10     20    -10 (VIOLATED)
fanout765/X                              10     20    -10 (VIOLATED)
fanout766/X                              10     20    -10 (VIOLATED)
fanout770/X                              10     20    -10 (VIOLATED)
fanout771/X                              10     20    -10 (VIOLATED)
fanout774/X                              10     20    -10 (VIOLATED)
fanout775/X                              10     20    -10 (VIOLATED)
fanout778/X                              10     20    -10 (VIOLATED)
fanout779/X                              10     20    -10 (VIOLATED)
fanout782/X                              10     20    -10 (VIOLATED)
fanout784/X                              10     20    -10 (VIOLATED)
fanout786/X                              10     20    -10 (VIOLATED)
fanout787/X                              10     20    -10 (VIOLATED)
fanout789/X                              10     20    -10 (VIOLATED)
fanout790/X                              10     20    -10 (VIOLATED)
fanout793/X                              10     20    -10 (VIOLATED)
fanout795/X                              10     20    -10 (VIOLATED)
fanout796/X                              10     20    -10 (VIOLATED)
fanout797/X                              10     20    -10 (VIOLATED)
fanout798/X                              10     20    -10 (VIOLATED)
fanout799/X                              10     20    -10 (VIOLATED)
fanout800/X                              10     20    -10 (VIOLATED)
fanout802/X                              10     20    -10 (VIOLATED)
fanout803/X                              10     20    -10 (VIOLATED)
fanout804/X                              10     20    -10 (VIOLATED)
fanout805/X                              10     20    -10 (VIOLATED)
fanout806/X                              10     20    -10 (VIOLATED)
fanout809/X                              10     20    -10 (VIOLATED)
fanout810/X                              10     20    -10 (VIOLATED)
fanout813/X                              10     20    -10 (VIOLATED)
fanout814/X                              10     20    -10 (VIOLATED)
fanout815/X                              10     20    -10 (VIOLATED)
fanout817/X                              10     20    -10 (VIOLATED)
fanout820/X                              10     20    -10 (VIOLATED)
fanout821/X                              10     20    -10 (VIOLATED)
fanout824/X                              10     20    -10 (VIOLATED)
fanout825/X                              10     20    -10 (VIOLATED)
fanout827/X                              10     20    -10 (VIOLATED)
fanout828/X                              10     20    -10 (VIOLATED)
fanout831/X                              10     20    -10 (VIOLATED)
fanout832/X                              10     20    -10 (VIOLATED)
fanout833/X                              10     20    -10 (VIOLATED)
fanout835/X                              10     20    -10 (VIOLATED)
fanout841/X                              10     20    -10 (VIOLATED)
fanout844/X                              10     20    -10 (VIOLATED)
fanout845/X                              10     20    -10 (VIOLATED)
fanout848/X                              10     20    -10 (VIOLATED)
fanout849/X                              10     20    -10 (VIOLATED)
fanout852/X                              10     20    -10 (VIOLATED)
fanout853/X                              10     20    -10 (VIOLATED)
fanout856/X                              10     20    -10 (VIOLATED)
fanout858/X                              10     20    -10 (VIOLATED)
fanout860/X                              10     20    -10 (VIOLATED)
fanout862/X                              10     20    -10 (VIOLATED)
fanout864/X                              10     20    -10 (VIOLATED)
fanout865/X                              10     20    -10 (VIOLATED)
fanout868/X                              10     20    -10 (VIOLATED)
fanout870/X                              10     20    -10 (VIOLATED)
fanout872/X                              10     20    -10 (VIOLATED)
fanout873/X                              10     20    -10 (VIOLATED)
fanout874/X                              10     20    -10 (VIOLATED)
fanout876/X                              10     20    -10 (VIOLATED)
fanout878/X                              10     20    -10 (VIOLATED)
fanout880/X                              10     20    -10 (VIOLATED)
fanout881/X                              10     20    -10 (VIOLATED)
fanout884/X                              10     20    -10 (VIOLATED)
fanout886/X                              10     20    -10 (VIOLATED)
fanout888/X                              10     20    -10 (VIOLATED)
fanout889/X                              10     20    -10 (VIOLATED)
fanout892/X                              10     20    -10 (VIOLATED)
fanout893/X                              10     20    -10 (VIOLATED)
fanout896/X                              10     20    -10 (VIOLATED)
fanout897/X                              10     20    -10 (VIOLATED)
fanout900/X                              10     20    -10 (VIOLATED)
fanout901/X                              10     20    -10 (VIOLATED)
fanout904/X                              10     20    -10 (VIOLATED)
fanout905/X                              10     20    -10 (VIOLATED)
fanout908/X                              10     20    -10 (VIOLATED)
fanout910/X                              10     20    -10 (VIOLATED)
fanout912/X                              10     20    -10 (VIOLATED)
fanout914/X                              10     20    -10 (VIOLATED)
fanout916/X                              10     20    -10 (VIOLATED)
fanout917/X                              10     20    -10 (VIOLATED)
fanout920/X                              10     20    -10 (VIOLATED)
fanout921/X                              10     20    -10 (VIOLATED)
fanout924/X                              10     20    -10 (VIOLATED)
fanout926/X                              10     20    -10 (VIOLATED)
fanout928/X                              10     20    -10 (VIOLATED)
fanout930/X                              10     20    -10 (VIOLATED)
fanout932/X                              10     20    -10 (VIOLATED)
fanout933/X                              10     20    -10 (VIOLATED)
fanout936/X                              10     20    -10 (VIOLATED)
fanout938/X                              10     20    -10 (VIOLATED)
fanout940/X                              10     20    -10 (VIOLATED)
fanout941/X                              10     20    -10 (VIOLATED)
fanout944/X                              10     20    -10 (VIOLATED)
fanout945/X                              10     20    -10 (VIOLATED)
fanout948/X                              10     20    -10 (VIOLATED)
fanout949/X                              10     20    -10 (VIOLATED)
fanout952/X                              10     20    -10 (VIOLATED)
fanout953/X                              10     20    -10 (VIOLATED)
fanout956/X                              10     20    -10 (VIOLATED)
fanout957/X                              10     20    -10 (VIOLATED)
fanout960/X                              10     20    -10 (VIOLATED)
fanout962/X                              10     20    -10 (VIOLATED)
fanout964/X                              10     20    -10 (VIOLATED)
fanout965/X                              10     20    -10 (VIOLATED)
fanout968/X                              10     20    -10 (VIOLATED)
fanout972/X                              10     20    -10 (VIOLATED)
fanout973/X                              10     20    -10 (VIOLATED)
fanout977/X                              10     20    -10 (VIOLATED)
fanout982/X                              10     20    -10 (VIOLATED)
fanout994/X                              10     20    -10 (VIOLATED)
fanout996/X                              10     20    -10 (VIOLATED)
_06933_/X                                10     19     -9 (VIOLATED)
clkbuf_leaf_110_clk/X                    10     19     -9 (VIOLATED)
clkbuf_leaf_2_clk/X                      10     19     -9 (VIOLATED)
clkbuf_leaf_42_clk/X                     10     19     -9 (VIOLATED)
clkbuf_leaf_44_clk/X                     10     19     -9 (VIOLATED)
clkbuf_leaf_50_clk/X                     10     19     -9 (VIOLATED)
clkbuf_leaf_52_clk/X                     10     19     -9 (VIOLATED)
clkbuf_leaf_79_clk/X                     10     19     -9 (VIOLATED)
fanout1034/X                             10     19     -9 (VIOLATED)
fanout854/X                              10     19     -9 (VIOLATED)
_06729_/Y                                10     18     -8 (VIOLATED)
_06790_/X                                10     18     -8 (VIOLATED)
_06807_/X                                10     18     -8 (VIOLATED)
_06812_/X                                10     18     -8 (VIOLATED)
_06829_/X                                10     18     -8 (VIOLATED)
_08567_/Y                                10     18     -8 (VIOLATED)
_11055_/X                                10     18     -8 (VIOLATED)
_11087_/Y                                10     18     -8 (VIOLATED)
_11234_/Y                                10     18     -8 (VIOLATED)
_11879_/Y                                10     18     -8 (VIOLATED)
_13350_/Q                                10     18     -8 (VIOLATED)
clkbuf_4_0_0_clk/X                       10     18     -8 (VIOLATED)
clkbuf_4_7_0_clk/X                       10     18     -8 (VIOLATED)
clkbuf_4_8_0_clk/X                       10     18     -8 (VIOLATED)
clkbuf_leaf_0_clk/X                      10     18     -8 (VIOLATED)
clkbuf_leaf_105_clk/X                    10     18     -8 (VIOLATED)
clkbuf_leaf_119_clk/X                    10     18     -8 (VIOLATED)
clkbuf_leaf_14_clk/X                     10     18     -8 (VIOLATED)
clkbuf_leaf_28_clk/X                     10     18     -8 (VIOLATED)
clkbuf_leaf_48_clk/X                     10     18     -8 (VIOLATED)
clkbuf_leaf_87_clk/X                     10     18     -8 (VIOLATED)
fanout346/X                              10     18     -8 (VIOLATED)
fanout446/X                              10     18     -8 (VIOLATED)
fanout458/X                              10     18     -8 (VIOLATED)
fanout466/X                              10     18     -8 (VIOLATED)
fanout543/X                              10     18     -8 (VIOLATED)
fanout547/X                              10     18     -8 (VIOLATED)
fanout559/X                              10     18     -8 (VIOLATED)
fanout616/X                              10     18     -8 (VIOLATED)
fanout636/X                              10     18     -8 (VIOLATED)
fanout736/X                              10     18     -8 (VIOLATED)
fanout753/X                              10     18     -8 (VIOLATED)
fanout764/X                              10     18     -8 (VIOLATED)
fanout794/X                              10     18     -8 (VIOLATED)
fanout882/X                              10     18     -8 (VIOLATED)
fanout898/X                              10     18     -8 (VIOLATED)
fanout906/X                              10     18     -8 (VIOLATED)
fanout918/X                              10     18     -8 (VIOLATED)
fanout927/X                              10     18     -8 (VIOLATED)
fanout942/X                              10     18     -8 (VIOLATED)
fanout950/X                              10     18     -8 (VIOLATED)
fanout954/X                              10     18     -8 (VIOLATED)
fanout958/X                              10     18     -8 (VIOLATED)
clkbuf_leaf_39_clk/X                     10     17     -7 (VIOLATED)
clkbuf_leaf_57_clk/X                     10     17     -7 (VIOLATED)
clkbuf_leaf_60_clk/X                     10     17     -7 (VIOLATED)
clkbuf_leaf_77_clk/X                     10     17     -7 (VIOLATED)
_06705_/Y                                10     16     -6 (VIOLATED)
_06712_/X                                10     16     -6 (VIOLATED)
_06814_/Y                                10     16     -6 (VIOLATED)
_06816_/X                                10     16     -6 (VIOLATED)
_06819_/X                                10     16     -6 (VIOLATED)
_06825_/X                                10     16     -6 (VIOLATED)
_06836_/X                                10     16     -6 (VIOLATED)
_08361_/X                                10     16     -6 (VIOLATED)
_09737_/Y                                10     16     -6 (VIOLATED)
_11307_/Y                                10     16     -6 (VIOLATED)
_13334_/Q                                10     16     -6 (VIOLATED)
_13335_/Q                                10     16     -6 (VIOLATED)
_13336_/Q                                10     16     -6 (VIOLATED)
_13337_/Q                                10     16     -6 (VIOLATED)
_13602_/Q                                10     16     -6 (VIOLATED)
clkbuf_4_2_0_clk/X                       10     16     -6 (VIOLATED)
clkbuf_4_4_0_clk/X                       10     16     -6 (VIOLATED)
clkbuf_leaf_116_clk/X                    10     16     -6 (VIOLATED)
clkbuf_leaf_24_clk/X                     10     16     -6 (VIOLATED)
fanout1227/X                             10     16     -6 (VIOLATED)
fanout1261/X                             10     16     -6 (VIOLATED)
fanout135/X                              10     16     -6 (VIOLATED)
fanout136/X                              10     16     -6 (VIOLATED)
fanout241/X                              10     16     -6 (VIOLATED)
fanout319/X                              10     16     -6 (VIOLATED)
fanout438/X                              10     16     -6 (VIOLATED)
fanout442/X                              10     16     -6 (VIOLATED)
fanout450/X                              10     16     -6 (VIOLATED)
fanout486/X                              10     16     -6 (VIOLATED)
fanout601/X                              10     16     -6 (VIOLATED)
fanout608/X                              10     16     -6 (VIOLATED)
fanout652/X                              10     16     -6 (VIOLATED)
fanout686/X                              10     16     -6 (VIOLATED)
fanout687/X                              10     16     -6 (VIOLATED)
fanout716/X                              10     16     -6 (VIOLATED)
fanout728/X                              10     16     -6 (VIOLATED)
fanout750/X                              10     16     -6 (VIOLATED)
fanout757/X                              10     16     -6 (VIOLATED)
fanout801/X                              10     16     -6 (VIOLATED)
fanout826/X                              10     16     -6 (VIOLATED)
fanout829/X                              10     16     -6 (VIOLATED)
fanout850/X                              10     16     -6 (VIOLATED)
fanout866/X                              10     16     -6 (VIOLATED)
fanout890/X                              10     16     -6 (VIOLATED)
fanout894/X                              10     16     -6 (VIOLATED)
fanout922/X                              10     16     -6 (VIOLATED)
fanout934/X                              10     16     -6 (VIOLATED)
fanout946/X                              10     16     -6 (VIOLATED)
fanout966/X                              10     16     -6 (VIOLATED)
fanout971/X                              10     16     -6 (VIOLATED)
_08358_/X                                10     15     -5 (VIOLATED)
clkbuf_leaf_109_clk/X                    10     15     -5 (VIOLATED)
clkbuf_leaf_115_clk/X                    10     15     -5 (VIOLATED)
clkbuf_leaf_26_clk/X                     10     15     -5 (VIOLATED)
clkbuf_leaf_35_clk/X                     10     15     -5 (VIOLATED)
clkbuf_leaf_38_clk/X                     10     15     -5 (VIOLATED)
clkbuf_leaf_46_clk/X                     10     15     -5 (VIOLATED)
clkbuf_leaf_47_clk/X                     10     15     -5 (VIOLATED)
clkbuf_leaf_4_clk/X                      10     15     -5 (VIOLATED)
clkbuf_leaf_90_clk/X                     10     15     -5 (VIOLATED)
fanout822/X                              10     15     -5 (VIOLATED)
_06686_/Y                                10     14     -4 (VIOLATED)
_06811_/Y                                10     14     -4 (VIOLATED)
_06827_/X                                10     14     -4 (VIOLATED)
_08280_/Y                                10     14     -4 (VIOLATED)
_08522_/Y                                10     14     -4 (VIOLATED)
_09154_/X                                10     14     -4 (VIOLATED)
clkbuf_4_10_0_clk/X                      10     14     -4 (VIOLATED)
clkbuf_4_11_0_clk/X                      10     14     -4 (VIOLATED)
clkbuf_4_12_0_clk/X                      10     14     -4 (VIOLATED)
clkbuf_4_3_0_clk/X                       10     14     -4 (VIOLATED)
clkbuf_4_9_0_clk/X                       10     14     -4 (VIOLATED)
clkbuf_leaf_104_clk/X                    10     14     -4 (VIOLATED)
clkbuf_leaf_112_clk/X                    10     14     -4 (VIOLATED)
clkbuf_leaf_114_clk/X                    10     14     -4 (VIOLATED)
clkbuf_leaf_67_clk/X                     10     14     -4 (VIOLATED)
clkbuf_leaf_69_clk/X                     10     14     -4 (VIOLATED)
clkbuf_leaf_81_clk/X                     10     14     -4 (VIOLATED)
fanout1031/X                             10     14     -4 (VIOLATED)
fanout1054/X                             10     14     -4 (VIOLATED)
fanout1125/X                             10     14     -4 (VIOLATED)
fanout1198/X                             10     14     -4 (VIOLATED)
fanout1222/X                             10     14     -4 (VIOLATED)
fanout129/X                              10     14     -4 (VIOLATED)
fanout146/X                              10     14     -4 (VIOLATED)
fanout154/X                              10     14     -4 (VIOLATED)
fanout434/X                              10     14     -4 (VIOLATED)
fanout439/X                              10     14     -4 (VIOLATED)
fanout443/X                              10     14     -4 (VIOLATED)
fanout451/X                              10     14     -4 (VIOLATED)
fanout479/X                              10     14     -4 (VIOLATED)
fanout487/X                              10     14     -4 (VIOLATED)
fanout552/X                              10     14     -4 (VIOLATED)
fanout564/X                              10     14     -4 (VIOLATED)
fanout568/X                              10     14     -4 (VIOLATED)
fanout576/X                              10     14     -4 (VIOLATED)
fanout581/X                              10     14     -4 (VIOLATED)
fanout591/X                              10     14     -4 (VIOLATED)
fanout597/X                              10     14     -4 (VIOLATED)
fanout609/X                              10     14     -4 (VIOLATED)
fanout672/X                              10     14     -4 (VIOLATED)
fanout683/X                              10     14     -4 (VIOLATED)
fanout708/X                              10     14     -4 (VIOLATED)
fanout721/X                              10     14     -4 (VIOLATED)
fanout724/X                              10     14     -4 (VIOLATED)
fanout732/X                              10     14     -4 (VIOLATED)
fanout733/X                              10     14     -4 (VIOLATED)
fanout742/X                              10     14     -4 (VIOLATED)
fanout747/X                              10     14     -4 (VIOLATED)
fanout758/X                              10     14     -4 (VIOLATED)
fanout761/X                              10     14     -4 (VIOLATED)
fanout762/X                              10     14     -4 (VIOLATED)
fanout776/X                              10     14     -4 (VIOLATED)
fanout780/X                              10     14     -4 (VIOLATED)
fanout785/X                              10     14     -4 (VIOLATED)
fanout788/X                              10     14     -4 (VIOLATED)
fanout791/X                              10     14     -4 (VIOLATED)
fanout808/X                              10     14     -4 (VIOLATED)
fanout811/X                              10     14     -4 (VIOLATED)
fanout819/X                              10     14     -4 (VIOLATED)
fanout851/X                              10     14     -4 (VIOLATED)
fanout859/X                              10     14     -4 (VIOLATED)
fanout867/X                              10     14     -4 (VIOLATED)
fanout871/X                              10     14     -4 (VIOLATED)
fanout879/X                              10     14     -4 (VIOLATED)
fanout887/X                              10     14     -4 (VIOLATED)
fanout891/X                              10     14     -4 (VIOLATED)
fanout895/X                              10     14     -4 (VIOLATED)
fanout911/X                              10     14     -4 (VIOLATED)
fanout915/X                              10     14     -4 (VIOLATED)
fanout923/X                              10     14     -4 (VIOLATED)
fanout931/X                              10     14     -4 (VIOLATED)
fanout935/X                              10     14     -4 (VIOLATED)
fanout939/X                              10     14     -4 (VIOLATED)
fanout947/X                              10     14     -4 (VIOLATED)
fanout963/X                              10     14     -4 (VIOLATED)
fanout967/X                              10     14     -4 (VIOLATED)
fanout992/X                              10     14     -4 (VIOLATED)
max_cap1003/X                            10     14     -4 (VIOLATED)
max_cap998/X                             10     14     -4 (VIOLATED)
_08133_/X                                10     13     -3 (VIOLATED)
_13311_/Q                                10     13     -3 (VIOLATED)
clkbuf_leaf_101_clk/X                    10     13     -3 (VIOLATED)
clkbuf_leaf_108_clk/X                    10     13     -3 (VIOLATED)
clkbuf_leaf_1_clk/X                      10     13     -3 (VIOLATED)
clkbuf_leaf_25_clk/X                     10     13     -3 (VIOLATED)
clkbuf_leaf_30_clk/X                     10     13     -3 (VIOLATED)
clkbuf_leaf_40_clk/X                     10     13     -3 (VIOLATED)
clkbuf_leaf_68_clk/X                     10     13     -3 (VIOLATED)
clkbuf_leaf_7_clk/X                      10     13     -3 (VIOLATED)
clkbuf_leaf_8_clk/X                      10     13     -3 (VIOLATED)
clkbuf_leaf_95_clk/X                     10     13     -3 (VIOLATED)
clkbuf_leaf_97_clk/X                     10     13     -3 (VIOLATED)
fanout548/X                              10     13     -3 (VIOLATED)
_06526_/X                                10     12     -2 (VIOLATED)
_06528_/X                                10     12     -2 (VIOLATED)
_06534_/X                                10     12     -2 (VIOLATED)
_06693_/X                                10     12     -2 (VIOLATED)
_06703_/Y                                10     12     -2 (VIOLATED)
_06708_/X                                10     12     -2 (VIOLATED)
_06788_/Y                                10     12     -2 (VIOLATED)
_06800_/Y                                10     12     -2 (VIOLATED)
_07999_/X                                10     12     -2 (VIOLATED)
_08046_/X                                10     12     -2 (VIOLATED)
_08191_/X                                10     12     -2 (VIOLATED)
_08193_/Y                                10     12     -2 (VIOLATED)
_08359_/X                                10     12     -2 (VIOLATED)
_09305_/X                                10     12     -2 (VIOLATED)
_09409_/X                                10     12     -2 (VIOLATED)
_09489_/X                                10     12     -2 (VIOLATED)
_13307_/Q                                10     12     -2 (VIOLATED)
_13316_/Q                                10     12     -2 (VIOLATED)
_13318_/Q                                10     12     -2 (VIOLATED)
_13321_/Q                                10     12     -2 (VIOLATED)
_13327_/Q                                10     12     -2 (VIOLATED)
clkbuf_leaf_15_clk/X                     10     12     -2 (VIOLATED)
clkbuf_leaf_18_clk/X                     10     12     -2 (VIOLATED)
clkbuf_leaf_27_clk/X                     10     12     -2 (VIOLATED)
clkbuf_leaf_31_clk/X                     10     12     -2 (VIOLATED)
clkbuf_leaf_34_clk/X                     10     12     -2 (VIOLATED)
clkbuf_leaf_56_clk/X                     10     12     -2 (VIOLATED)
clkbuf_leaf_5_clk/X                      10     12     -2 (VIOLATED)
clkbuf_leaf_76_clk/X                     10     12     -2 (VIOLATED)
clkbuf_leaf_82_clk/X                     10     12     -2 (VIOLATED)
clkbuf_leaf_96_clk/X                     10     12     -2 (VIOLATED)
clkbuf_leaf_9_clk/X                      10     12     -2 (VIOLATED)
fanout1047/X                             10     12     -2 (VIOLATED)
fanout1102/X                             10     12     -2 (VIOLATED)
fanout1143/X                             10     12     -2 (VIOLATED)
fanout1163/X                             10     12     -2 (VIOLATED)
fanout1171/X                             10     12     -2 (VIOLATED)
fanout1199/X                             10     12     -2 (VIOLATED)
fanout1226/X                             10     12     -2 (VIOLATED)
fanout1237/X                             10     12     -2 (VIOLATED)
fanout147/X                              10     12     -2 (VIOLATED)
fanout176/X                              10     12     -2 (VIOLATED)
fanout183/X                              10     12     -2 (VIOLATED)
fanout202/X                              10     12     -2 (VIOLATED)
fanout447/X                              10     12     -2 (VIOLATED)
fanout459/X                              10     12     -2 (VIOLATED)
fanout467/X                              10     12     -2 (VIOLATED)
fanout481/X                              10     12     -2 (VIOLATED)
fanout483/X                              10     12     -2 (VIOLATED)
fanout540/X                              10     12     -2 (VIOLATED)
fanout544/X                              10     12     -2 (VIOLATED)
fanout560/X                              10     12     -2 (VIOLATED)
fanout570/X                              10     12     -2 (VIOLATED)
fanout572/X                              10     12     -2 (VIOLATED)
fanout583/X                              10     12     -2 (VIOLATED)
fanout585/X                              10     12     -2 (VIOLATED)
fanout593/X                              10     12     -2 (VIOLATED)
fanout647/X                              10     12     -2 (VIOLATED)
fanout654/X                              10     12     -2 (VIOLATED)
fanout691/X                              10     12     -2 (VIOLATED)
fanout754/X                              10     12     -2 (VIOLATED)
fanout768/X                              10     12     -2 (VIOLATED)
fanout772/X                              10     12     -2 (VIOLATED)
fanout773/X                              10     12     -2 (VIOLATED)
fanout792/X                              10     12     -2 (VIOLATED)
fanout807/X                              10     12     -2 (VIOLATED)
fanout830/X                              10     12     -2 (VIOLATED)
fanout838/X                              10     12     -2 (VIOLATED)
fanout846/X                              10     12     -2 (VIOLATED)
fanout855/X                              10     12     -2 (VIOLATED)
fanout861/X                              10     12     -2 (VIOLATED)
fanout863/X                              10     12     -2 (VIOLATED)
fanout883/X                              10     12     -2 (VIOLATED)
fanout899/X                              10     12     -2 (VIOLATED)
fanout907/X                              10     12     -2 (VIOLATED)
fanout919/X                              10     12     -2 (VIOLATED)
fanout925/X                              10     12     -2 (VIOLATED)
fanout943/X                              10     12     -2 (VIOLATED)
fanout951/X                              10     12     -2 (VIOLATED)
fanout955/X                              10     12     -2 (VIOLATED)
fanout959/X                              10     12     -2 (VIOLATED)
fanout969/X                              10     12     -2 (VIOLATED)
fanout997/X                              10     12     -2 (VIOLATED)
_07660_/X                                10     11        (VIOLATED)
_07856_/X                                10     11        (VIOLATED)
clkbuf_leaf_111_clk/X                    10     11        (VIOLATED)
clkbuf_leaf_12_clk/X                     10     11        (VIOLATED)
clkbuf_leaf_22_clk/X                     10     11        (VIOLATED)
clkbuf_leaf_29_clk/X                     10     11        (VIOLATED)
clkbuf_leaf_75_clk/X                     10     11        (VIOLATED)
clkbuf_leaf_91_clk/X                     10     11        (VIOLATED)
fanout1273/X                             10     11        (VIOLATED)
fanout816/X                              10     11        (VIOLATED)

max capacitance

Pin                                        Limit         Cap       Slack
------------------------------------------------------------------------
clkbuf_0_clk/X                          0.200000    0.381587   -0.181587 (VIOLATED)
fanout767/X                             0.200000    0.259665   -0.059665 (VIOLATED)
fanout571/X                             0.200000    0.252973   -0.052973 (VIOLATED)
_07483_/X                               0.200000    0.237153   -0.037153 (VIOLATED)
fanout970/X                             0.200000    0.233533   -0.033533 (VIOLATED)
fanout482/X                             0.200000    0.232471   -0.032471 (VIOLATED)
fanout828/X                             0.200000    0.231989   -0.031989 (VIOLATED)
fanout832/X                             0.200000    0.228007   -0.028007 (VIOLATED)
fanout584/X                             0.200000    0.224830   -0.024830 (VIOLATED)
fanout827/X                             0.200000    0.223555   -0.023555 (VIOLATED)
fanout454/X                             0.200000    0.222263   -0.022263 (VIOLATED)
_07132_/X                               0.200000    0.219783   -0.019783 (VIOLATED)
fanout551/X                             0.200000    0.218048   -0.018048 (VIOLATED)
fanout567/X                             0.200000    0.217603   -0.017603 (VIOLATED)
fanout815/X                             0.200000    0.216913   -0.016913 (VIOLATED)
fanout478/X                             0.200000    0.214976   -0.014976 (VIOLATED)
fanout604/X                             0.200000    0.214953   -0.014953 (VIOLATED)
fanout870/X                             0.200000    0.214487   -0.014488 (VIOLATED)
fanout694/X                             0.200000    0.212317   -0.012317 (VIOLATED)
fanout543/X                             0.200000    0.211737   -0.011737 (VIOLATED)
fanout596/X                             0.200000    0.211672   -0.011672 (VIOLATED)
fanout469/X                             0.200000    0.211420   -0.011420 (VIOLATED)
_06872_/X                               0.200000    0.211326   -0.011326 (VIOLATED)
fanout775/X                             0.200000    0.208343   -0.008343 (VIOLATED)
fanout485/X                             0.200000    0.208178   -0.008178 (VIOLATED)
_07441_/X                               0.200000    0.207541   -0.007541 (VIOLATED)
fanout575/X                             0.200000    0.206564   -0.006564 (VIOLATED)
fanout787/X                             0.200000    0.205629   -0.005629 (VIOLATED)
fanout763/X                             0.200000    0.205166   -0.005166 (VIOLATED)
fanout741/X                             0.200000    0.205009   -0.005009 (VIOLATED)
fanout778/X                             0.200000    0.204992   -0.004992 (VIOLATED)
fanout949/X                             0.200000    0.204411   -0.004411 (VIOLATED)
fanout484/X                             0.200000    0.203741   -0.003741 (VIOLATED)
fanout433/X                             0.200000    0.203490   -0.003490 (VIOLATED)
fanout546/X                             0.200000    0.203464   -0.003464 (VIOLATED)
fanout938/X                             0.200000    0.202719   -0.002719 (VIOLATED)
fanout547/X                             0.200000    0.202335   -0.002335 (VIOLATED)
fanout799/X                             0.200000    0.201789   -0.001789 (VIOLATED)
fanout814/X                             0.200000    0.201686   -0.001686 (VIOLATED)
fanout600/X                             0.200000    0.201488   -0.001488 (VIOLATED)
fanout941/X                             0.200000    0.201151   -0.001151 (VIOLATED)
fanout727/X                             0.200000    0.201054   -0.001054 (VIOLATED)



===========================================================================
report_parasitic_annotation -report_unannotated
============================================================================
Found 83 unannotated drivers.
 gpio_in[0]
 gpio_in[10]
 gpio_in[11]
 gpio_in[12]
 gpio_in[13]
 gpio_in[14]
 gpio_in[15]
 gpio_in[16]
 gpio_in[17]
 gpio_in[18]
 gpio_in[19]
 gpio_in[1]
 gpio_in[20]
 gpio_in[21]
 gpio_in[22]
 gpio_in[23]
 gpio_in[24]
 gpio_in[25]
 gpio_in[26]
 gpio_in[27]
 gpio_in[28]
 gpio_in[29]
 gpio_in[2]
 gpio_in[30]
 gpio_in[31]
 gpio_in[32]
 gpio_in[33]
 gpio_in[3]
 gpio_in[4]
 gpio_in[9]
 _14522__1348/LO
 _14523__1314/HI
 _14524__1315/HI
 _14525__1316/HI
 _14526__1317/HI
 _14527__1349/LO
 _14528__1350/LO
 _14529__1351/LO
 _14530__1352/LO
 _14531__1318/HI
 _14532__1319/HI
 _14533__1320/HI
 _14534__1321/HI
 _14535__1322/HI
 _14536__1323/HI
 _14537__1324/HI
 _14538__1325/HI
 _14539__1326/HI
 _14540__1327/HI
 _14541__1328/HI
 _14542__1353/LO
 _14543__1354/LO
 _14544__1355/LO
 _14545__1356/LO
 _14546__1357/LO
 _14547__1358/LO
 _14548__1359/LO
 _14549__1360/LO
 _14550__1361/LO
 _14551__1362/LO
 _14552__1363/LO
 _14553__1364/LO
 _14554__1365/LO
 _14555__1366/LO
 _14556__1329/HI
 _14557__1330/HI
 _14558__1331/HI
 _14559__1332/HI
 _14560__1333/HI
 _14564__1334/HI
 _14565__1335/HI
 _14566__1336/HI
 _14567__1337/HI
 _14568__1338/HI
 _14569__1339/HI
 _14570__1340/HI
 _14571__1341/HI
 _14572__1342/HI
 _14573__1343/HI
 _14574__1344/HI
 _14575__1345/HI
 _14576__1346/HI
 _14577__1347/HI
Found 0 partially unannotated drivers.

===========================================================================
max slew violation count 133
max fanout violation count 654
max cap violation count 42
============================================================================

===========================================================================
check_setup -verbose -unconstrained_endpoints -multiple_clock -no_clock -no_input_delay -loops -generated_clocks
===========================================================================
Warning: There are 53 unconstrained endpoints.
  gpio_oeb[0]
  gpio_oeb[10]
  gpio_oeb[11]
  gpio_oeb[12]
  gpio_oeb[13]
  gpio_oeb[14]
  gpio_oeb[15]
  gpio_oeb[16]
  gpio_oeb[17]
  gpio_oeb[18]
  gpio_oeb[19]
  gpio_oeb[1]
  gpio_oeb[20]
  gpio_oeb[21]
  gpio_oeb[22]
  gpio_oeb[23]
  gpio_oeb[24]
  gpio_oeb[25]
  gpio_oeb[26]
  gpio_oeb[27]
  gpio_oeb[28]
  gpio_oeb[29]
  gpio_oeb[2]
  gpio_oeb[30]
  gpio_oeb[31]
  gpio_oeb[32]
  gpio_oeb[33]
  gpio_oeb[3]
  gpio_oeb[4]
  gpio_oeb[5]
  gpio_oeb[6]
  gpio_oeb[7]
  gpio_oeb[8]
  gpio_oeb[9]
  gpio_out[0]
  gpio_out[20]
  gpio_out[21]
  gpio_out[22]
  gpio_out[23]
  gpio_out[24]
  gpio_out[25]
  gpio_out[26]
  gpio_out[27]
  gpio_out[28]
  gpio_out[29]
  gpio_out[30]
  gpio_out[31]
  gpio_out[32]
  gpio_out[33]
  gpio_out[5]
  gpio_out[6]
  gpio_out[7]
  gpio_out[8]
