
===========================================================================
 report_power
============================================================================
======================= max_ss_100C_1v60 Corner ===================================

Group                    Internal    Switching      Leakage        Total
                            Power        Power        Power        Power (Watts)
------------------------------------------------------------------------
Sequential           3.605057e-03 1.543304e-03 6.170721e-05 5.210068e-03  19.0%
Combinational        5.675688e-03 1.388459e-02 1.237153e-04 1.968399e-02  71.9%
Clock                1.118945e-03 1.351328e-03 7.347349e-06 2.477621e-03   9.1%
Macro                0.000000e+00 0.000000e+00 0.000000e+00 0.000000e+00   0.0%
Pad                  0.000000e+00 0.000000e+00 0.000000e+00 0.000000e+00   0.0%
------------------------------------------------------------------------
Total                1.039974e-02 1.677920e-02 1.927777e-04 2.737172e-02 100.0%
                            38.0%        61.3%         0.7%

