
===========================================================================
 report_power
============================================================================
======================= min_tt_025C_1v80 Corner ===================================

Group                    Internal    Switching      Leakage        Total
                            Power        Power        Power        Power (Watts)
------------------------------------------------------------------------
Sequential           4.646575e-03 1.673125e-03 4.339089e-08 6.319744e-03  20.2%
Combinational        7.012622e-03 1.502837e-02 1.046652e-07 2.204110e-02  70.4%
Clock                1.367401e-03 1.575014e-03 3.994583e-08 2.942456e-03   9.4%
Macro                0.000000e+00 0.000000e+00 0.000000e+00 0.000000e+00   0.0%
Pad                  0.000000e+00 0.000000e+00 0.000000e+00 0.000000e+00   0.0%
------------------------------------------------------------------------
Total                1.302661e-02 1.827650e-02 1.879962e-07 3.130329e-02 100.0%
                            41.6%        58.4%         0.0%

