
===========================================================================
 report_power
============================================================================
======================= min_ss_100C_1v60 Corner ===================================

Group                    Internal    Switching      Leakage        Total
                            Power        Power        Power        Power (Watts)
------------------------------------------------------------------------
Sequential           3.933260e-04 2.119944e-06 2.302619e-05 4.184721e-04  56.0%
Combinational        2.254328e-05 3.141462e-05 3.607664e-05 9.003453e-05  12.0%
Clock                1.007914e-04 1.368603e-04 1.499132e-06 2.391508e-04  32.0%
Macro                0.000000e+00 0.000000e+00 0.000000e+00 0.000000e+00   0.0%
Pad                  0.000000e+00 0.000000e+00 0.000000e+00 0.000000e+00   0.0%
------------------------------------------------------------------------
Total                5.166604e-04 1.703948e-04 6.060175e-05 7.476569e-04 100.0%
                            69.1%        22.8%         8.1%

