Clock: clk
Sources: wb_clk_i 
Generated: no
Virtual: yes
Propagated: no
Period: 25.000000

===========================================================================
report_clock_properties
============================================================================
Clock                   Period          Waveform
----------------------------------------------------
clk                  25.000000    0.000000 12.500000

===========================================================================
report_clock_latency
============================================================================
Clock clk
rise -> rise
    min     max
4.650000 5.570000 source latency
7.779262         network latency mprj.team_00_Wrapper.team_00_WB.instance_to_wrap/clk
        9.058562 network latency mprj.team_08_Wrapper.team_08_WB.instance_to_wrap/clk
---------------
12.429261 14.628562 latency
        2.199300 skew

fall -> fall
    min     max
4.650000 5.570000 source latency
7.529586         network latency mprj.team_00_Wrapper.team_00_WB.instance_to_wrap/clk
        8.681207 network latency mprj.team_08_Wrapper.team_08_WB.instance_to_wrap/clk
---------------
12.179585 14.251206 latency
        2.071621 skew



===========================================================================
report_clock_min_period
============================================================================
clk period_min = 28.11 fmax = 35.57
