
===========================================================================
Violator List
============================================================================
[setup reg-out] _5673_/Q -> wbs_dat_o[13] : -5.682456
[setup reg-out] _5673_/Q -> wbs_dat_o[4] : -5.335178
[setup reg-out] _5673_/Q -> wbs_dat_o[19] : -4.686111
[setup reg-out] _5673_/Q -> wbs_dat_o[8] : -4.621729
[setup reg-out] _5673_/Q -> wbs_dat_o[17] : -4.572364
[setup reg-out] _5673_/Q -> wbs_dat_o[5] : -4.559464
[setup reg-out] _5673_/Q -> wbs_dat_o[23] : -4.400239
[setup reg-out] _5673_/Q -> wbs_dat_o[16] : -4.300286
[setup reg-out] _5673_/Q -> wbs_dat_o[7] : -4.297760
[setup reg-out] _5673_/Q -> wbs_dat_o[6] : -4.252456
[setup reg-out] _5673_/Q -> wbs_dat_o[25] : -4.199056
[setup reg-out] _5673_/Q -> wbs_dat_o[24] : -4.193399
[setup reg-out] _5673_/Q -> wbs_dat_o[22] : -4.177608
[setup reg-out] _5673_/Q -> wbs_dat_o[18] : -4.157574
[setup reg-out] _5673_/Q -> wbs_dat_o[21] : -4.104294
[setup reg-out] _5673_/Q -> wbs_dat_o[29] : -4.074526
[setup reg-out] _5673_/Q -> wbs_dat_o[12] : -4.059256
[setup reg-out] _5673_/Q -> wbs_dat_o[20] : -4.011124
[setup reg-out] _5673_/Q -> wbs_dat_o[14] : -3.806216
[setup reg-out] _5673_/Q -> wbs_dat_o[31] : -3.665068
[setup reg-out] _5673_/Q -> wbs_dat_o[11] : -3.427079
[setup reg-out] _5673_/Q -> wbs_dat_o[30] : -3.420228
[setup reg-out] _5673_/Q -> wbs_dat_o[28] : -3.394218
[setup reg-out] _5673_/Q -> wbs_dat_o[0] : -3.314998
[setup reg-out] _5673_/Q -> wbs_dat_o[1] : -3.275957
[setup reg-out] _5673_/Q -> wbs_dat_o[27] : -3.275808
[setup reg-out] _5673_/Q -> wbs_dat_o[15] : -3.208463
[setup reg-out] _5673_/Q -> wbs_dat_o[2] : -3.188749
[setup reg-reg] mprj.team_07_Wrapper.team_07_WB.instance_to_wrap/STB_O -> _5622_/D : -3.114494
[setup reg-reg] _5673_/Q -> mprj.team_05_Wrapper.team_05_WB.instance_to_wrap/DAT_I[15] : -3.044899
[setup reg-out] _5673_/Q -> wbs_dat_o[10] : -3.038082
[setup reg-out] _5673_/Q -> wbs_dat_o[9] : -2.966449
[setup reg-out] _5673_/Q -> wbs_dat_o[3] : -2.958599
[setup reg-reg] _5673_/Q -> mprj.team_04_Wrapper.team_04_WB.instance_to_wrap/DAT_I[4] : -2.956128
[setup reg-reg] mprj.team_07_Wrapper.team_07_WB.instance_to_wrap/STB_O -> _5639_/D : -2.842228
[setup reg-out] _5673_/Q -> wbs_dat_o[26] : -2.786857
[setup reg-reg] mprj.team_04_Wrapper.team_04_WB.instance_to_wrap/STB_O -> _5634_/D : -2.593137
[setup reg-reg] mprj.team_07_Wrapper.team_07_WB.instance_to_wrap/STB_O -> _5653_/D : -2.525912
[setup reg-reg] _5673_/Q -> mprj.team_05_Wrapper.team_05_WB.instance_to_wrap/DAT_I[27] : -2.459238
[setup reg-reg] _5673_/Q -> mprj.team_07_Wrapper.team_07_WB.instance_to_wrap/DAT_I[15] : -2.458169
[setup reg-reg] mprj.team_07_Wrapper.team_07_WB.instance_to_wrap/STB_O -> _5623_/D : -2.395766
[setup reg-reg] mprj.team_04_Wrapper.team_04_WB.instance_to_wrap/STB_O -> _5635_/D : -2.390181
[setup reg-reg] mprj.team_07_Wrapper.team_07_WB.instance_to_wrap/STB_O -> _5647_/D : -2.360679
[setup reg-reg] mprj.team_04_Wrapper.team_04_WB.instance_to_wrap/STB_O -> _5628_/D : -2.346130
[setup reg-reg] mprj.team_04_Wrapper.team_04_WB.instance_to_wrap/STB_O -> _5631_/D : -2.329987
[setup reg-reg] mprj.team_04_Wrapper.team_04_WB.instance_to_wrap/STB_O -> _5629_/D : -2.302674
[setup reg-reg] mprj.team_04_Wrapper.team_04_WB.instance_to_wrap/STB_O -> _5627_/D : -2.234888
[setup reg-reg] _5673_/Q -> mprj.team_03_Wrapper.team_03_WB.instance_to_wrap/DAT_I[15] : -2.203905
[setup reg-reg] _5673_/Q -> mprj.team_05_Wrapper.team_05_WB.instance_to_wrap/DAT_I[9] : -2.202736
[setup reg-reg] _5673_/Q -> mprj.team_05_Wrapper.team_05_WB.instance_to_wrap/DAT_I[11] : -2.169820
[setup reg-reg] mprj.team_07_Wrapper.team_07_WB.instance_to_wrap/STB_O -> _5648_/D : -2.161045
[setup reg-reg] _5673_/Q -> mprj.team_05_Wrapper.team_05_WB.instance_to_wrap/DAT_I[10] : -2.129163
[setup reg-reg] mprj.team_04_Wrapper.team_04_WB.instance_to_wrap/STB_O -> _5632_/D : -2.120075
[setup reg-reg] _5673_/Q -> mprj.team_08_Wrapper.team_08_WB.instance_to_wrap/DAT_I[4] : -2.117162
[setup reg-reg] mprj.team_04_Wrapper.team_04_WB.instance_to_wrap/STB_O -> _5633_/D : -2.102436
[setup reg-reg] mprj.team_04_Wrapper.team_04_WB.instance_to_wrap/STB_O -> _5637_/D : -1.938233
[setup reg-reg] mprj.team_04_Wrapper.team_04_WB.instance_to_wrap/STB_O -> _5638_/D : -1.930356
[setup reg-reg] mprj.team_07_Wrapper.team_07_WB.instance_to_wrap/STB_O -> _5854_/D : -1.897107
[setup reg-reg] mprj.team_04_Wrapper.team_04_WB.instance_to_wrap/STB_O -> _5624_/D : -1.891753
[setup reg-reg] mprj.team_04_Wrapper.team_04_WB.instance_to_wrap/STB_O -> _5625_/D : -1.890300
[setup reg-reg] mprj.team_04_Wrapper.team_04_WB.instance_to_wrap/STB_O -> _5649_/D : -1.878462
[setup reg-reg] _5673_/Q -> mprj.team_03_Wrapper.team_03_WB.instance_to_wrap/DAT_I[17] : -1.842224
[setup reg-reg] mprj.team_04_Wrapper.team_04_WB.instance_to_wrap/STB_O -> _5640_/D : -1.799616
[setup reg-reg] _5673_/Q -> mprj.team_05_Wrapper.team_05_WB.instance_to_wrap/DAT_I[1] : -1.793651
[setup reg-reg] _5673_/Q -> mprj.team_07_Wrapper.team_07_WB.instance_to_wrap/DAT_I[11] : -1.776055
[setup reg-reg] mprj.team_04_Wrapper.team_04_WB.instance_to_wrap/STB_O -> _5643_/D : -1.773014
[setup reg-reg] _5673_/Q -> mprj.team_07_Wrapper.team_07_WB.instance_to_wrap/DAT_I[9] : -1.738783
[setup reg-reg] mprj.team_07_Wrapper.team_07_WB.instance_to_wrap/STB_O -> _5645_/D : -1.698659
[setup reg-reg] mprj.team_04_Wrapper.team_04_WB.instance_to_wrap/STB_O -> _5652_/D : -1.698034
[setup reg-reg] mprj.team_04_Wrapper.team_04_WB.instance_to_wrap/STB_O -> _5641_/D : -1.693717
[setup reg-reg] _5673_/Q -> mprj.team_03_Wrapper.team_03_WB.instance_to_wrap/DAT_I[11] : -1.680025
[setup reg-reg] mprj.team_04_Wrapper.team_04_WB.instance_to_wrap/STB_O -> _5728_/D : -1.646182
[setup reg-reg] _5673_/Q -> mprj.team_07_Wrapper.team_07_WB.instance_to_wrap/DAT_I[10] : -1.638519
[setup reg-reg] mprj.team_04_Wrapper.team_04_WB.instance_to_wrap/STB_O -> _5725_/D : -1.624691
[setup reg-reg] mprj.team_04_Wrapper.team_04_WB.instance_to_wrap/STB_O -> _5730_/D : -1.594859
[setup reg-reg] _5673_/Q -> mprj.team_03_Wrapper.team_03_WB.instance_to_wrap/DAT_I[1] : -1.564995
[setup reg-reg] mprj.team_04_Wrapper.team_04_WB.instance_to_wrap/STB_O -> _5723_/D : -1.561560
[setup reg-reg] _5673_/Q -> mprj.team_03_Wrapper.team_03_WB.instance_to_wrap/DAT_I[10] : -1.543779
[setup reg-reg] _5673_/Q -> mprj.team_03_Wrapper.team_03_WB.instance_to_wrap/DAT_I[12] : -1.531330
[setup reg-reg] mprj.team_07_Wrapper.team_07_WB.instance_to_wrap/STB_O -> _5650_/D : -1.493124
[setup reg-reg] _5673_/Q -> mprj.team_04_Wrapper.team_04_WB.instance_to_wrap/DAT_I[1] : -1.424670
[setup reg-reg] mprj.team_04_Wrapper.team_04_WB.instance_to_wrap/STB_O -> _5724_/D : -1.323194
[setup reg-reg] mprj.team_04_Wrapper.team_04_WB.instance_to_wrap/STB_O -> _5729_/D : -1.321350
[setup reg-reg] mprj.team_04_Wrapper.team_04_WB.instance_to_wrap/STB_O -> _5716_/D : -1.320963
[setup reg-reg] mprj.team_04_Wrapper.team_04_WB.instance_to_wrap/STB_O -> _5715_/D : -1.309761
[setup reg-reg] _5673_/Q -> mprj.team_03_Wrapper.team_03_WB.instance_to_wrap/DAT_I[9] : -1.309324
[setup reg-reg] mprj.team_04_Wrapper.team_04_WB.instance_to_wrap/STB_O -> _5718_/D : -1.301618
[setup reg-reg] _5673_/Q -> mprj.team_08_Wrapper.team_08_WB.instance_to_wrap/DAT_I[17] : -1.294030
[setup reg-reg] mprj.team_04_Wrapper.team_04_WB.instance_to_wrap/STB_O -> _5717_/D : -1.284708
[setup reg-reg] _5673_/Q -> mprj.team_08_Wrapper.team_08_WB.instance_to_wrap/DAT_I[15] : -1.199528
[setup reg-reg] mprj.team_07_Wrapper.team_07_WB.instance_to_wrap/STB_O -> _5852_/D : -1.199279
[setup reg-reg] mprj.team_07_Wrapper.team_07_WB.instance_to_wrap/STB_O -> _5855_/D : -1.151157
[setup reg-reg] _5673_/Q -> mprj.team_04_Wrapper.team_04_WB.instance_to_wrap/DAT_I[6] : -1.146287
[setup reg-reg] mprj.team_04_Wrapper.team_04_WB.instance_to_wrap/STB_O -> _5721_/D : -1.094254
[setup reg-reg] _5673_/Q -> mprj.team_07_Wrapper.team_07_WB.instance_to_wrap/DAT_I[1] : -1.091273
[setup reg-reg] mprj.team_07_Wrapper.team_07_WB.instance_to_wrap/STB_O -> _5644_/D : -1.081311
[setup reg-reg] mprj.team_04_Wrapper.team_04_WB.instance_to_wrap/STB_O -> _5719_/D : -1.079677
[setup reg-reg] _5673_/Q -> mprj.team_04_Wrapper.team_04_WB.instance_to_wrap/DAT_I[15] : -1.075520
[setup reg-reg] mprj.team_04_Wrapper.team_04_WB.instance_to_wrap/STB_O -> _5727_/D : -1.060826
[setup reg-reg] _5673_/Q -> _5630_/D : -1.014964
[setup reg-reg] _5673_/Q -> mprj.team_05_Wrapper.team_05_WB.instance_to_wrap/DAT_I[21] : -0.910266
[setup reg-reg] _5673_/Q -> _5756_/D : -0.909004
[setup reg-reg] _5673_/Q -> mprj.team_03_Wrapper.team_03_WB.instance_to_wrap/DAT_I[5] : -0.901199
[setup reg-reg] _5673_/Q -> mprj.team_04_Wrapper.team_04_WB.instance_to_wrap/DAT_I[17] : -0.858346
[setup reg-reg] mprj.team_04_Wrapper.team_04_WB.instance_to_wrap/STB_O -> _5722_/D : -0.805024
[setup reg-reg] mprj.team_04_Wrapper.team_04_WB.instance_to_wrap/STB_O -> _5720_/D : -0.794447
[setup reg-reg] _5673_/Q -> mprj.team_04_Wrapper.team_04_WB.instance_to_wrap/DAT_I[12] : -0.785992
[setup reg-reg] mprj.team_04_Wrapper.team_04_WB.instance_to_wrap/STB_O -> _5726_/D : -0.705501
[setup reg-reg] mprj.team_04_Wrapper.team_04_WB.instance_to_wrap/STB_O -> _5713_/D : -0.701011
[setup reg-reg] mprj.team_04_Wrapper.team_04_WB.instance_to_wrap/STB_O -> _5732_/D : -0.650235
[setup reg-reg] _5673_/Q -> mprj.team_03_Wrapper.team_03_WB.instance_to_wrap/DAT_I[21] : -0.643016
[setup reg-reg] mprj.team_04_Wrapper.team_04_WB.instance_to_wrap/STB_O -> _5714_/D : -0.622766
[setup reg-reg] _5673_/Q -> mprj.team_04_Wrapper.team_04_WB.instance_to_wrap/DAT_I[11] : -0.574030
[setup reg-reg] _5673_/Q -> mprj.team_04_Wrapper.team_04_WB.instance_to_wrap/DAT_I[10] : -0.572509
[setup reg-reg] _5673_/Q -> mprj.team_04_Wrapper.team_04_WB.instance_to_wrap/DAT_I[27] : -0.569724
[setup reg-reg] _5673_/Q -> mprj.team_08_Wrapper.team_08_WB.instance_to_wrap/DAT_I[10] : -0.564157
[setup reg-reg] mprj.team_04_Wrapper.team_04_WB.instance_to_wrap/STB_O -> _5733_/D : -0.555268
[setup reg-reg] _5673_/Q -> mprj.team_03_Wrapper.team_03_WB.instance_to_wrap/DAT_I[27] : -0.555072
[setup reg-reg] _5673_/Q -> mprj.team_05_Wrapper.team_05_WB.instance_to_wrap/DAT_I[31] : -0.548180
[setup reg-reg] mprj.team_04_Wrapper.team_04_WB.instance_to_wrap/STB_O -> _5734_/D : -0.517247
[setup reg-reg] mprj.team_04_Wrapper.team_04_WB.instance_to_wrap/STB_O -> _5731_/D : -0.509889
[setup reg-reg] _5673_/Q -> mprj.team_08_Wrapper.team_08_WB.instance_to_wrap/DAT_I[1] : -0.501103
[setup reg-reg] mprj.team_07_Wrapper.team_07_WB.instance_to_wrap/STB_O -> _5646_/D : -0.499615
[setup reg-reg] _5673_/Q -> mprj.team_08_Wrapper.team_08_WB.instance_to_wrap/DAT_I[11] : -0.475474
[setup reg-reg] mprj.team_07_Wrapper.team_07_WB.instance_to_wrap/STB_O -> _5706_/D : -0.456456
[setup reg-reg] _5673_/Q -> mprj.team_04_Wrapper.team_04_WB.instance_to_wrap/DAT_I[21] : -0.443336
[setup reg-reg] _5673_/Q -> mprj.team_08_Wrapper.team_08_WB.instance_to_wrap/DAT_I[6] : -0.439762
[setup reg-reg] mprj.team_07_Wrapper.team_07_WB.instance_to_wrap/STB_O -> _5704_/D : -0.436749
[setup reg-reg] mprj.team_04_Wrapper.team_04_WB.instance_to_wrap/STB_O -> _5712_/D : -0.410246
[setup reg-reg] _5673_/Q -> mprj.team_04_Wrapper.team_04_WB.instance_to_wrap/DAT_I[16] : -0.409546
[setup reg-reg] mprj.team_04_Wrapper.team_04_WB.instance_to_wrap/STB_O -> _5711_/D : -0.383107
[setup reg-reg] _5673_/Q -> mprj.team_03_Wrapper.team_03_WB.instance_to_wrap/DAT_I[31] : -0.327578
[setup reg-reg] _5673_/Q -> mprj.team_03_Wrapper.team_03_WB.instance_to_wrap/DAT_I[6] : -0.305668
[setup reg-reg] _5673_/Q -> mprj.team_04_Wrapper.team_04_WB.instance_to_wrap/DAT_I[31] : -0.300577
[setup reg-reg] _5673_/Q -> _5626_/D : -0.286487
[setup reg-reg] mprj.team_07_Wrapper.team_07_WB.instance_to_wrap/STB_O -> _5636_/D : -0.275797
[setup reg-reg] _5673_/Q -> _5825_/D : -0.272326
[setup reg-reg] _5673_/Q -> mprj.team_07_Wrapper.team_07_WB.instance_to_wrap/DAT_I[21] : -0.261103
[setup reg-reg] _5673_/Q -> mprj.team_07_Wrapper.team_07_WB.instance_to_wrap/DAT_I[27] : -0.213618
[setup reg-reg] mprj.team_07_Wrapper.team_07_WB.instance_to_wrap/STB_O -> _5853_/D : -0.092175
[setup reg-reg] _5673_/Q -> _5737_/D : -0.053706
[setup reg-reg] _5673_/Q -> _5814_/D : -0.052118
[setup reg-reg] _5673_/Q -> _5766_/D : -0.037890
[setup reg-reg] _5673_/Q -> _5736_/D : -0.026041
[setup reg-reg] mprj.team_07_Wrapper.team_07_WB.instance_to_wrap/STB_O -> _5753_/D : -0.022549
[setup reg-reg] _5673_/Q -> _5758_/D : -0.007862
[setup reg-reg] _5673_/Q -> _5765_/D : -0.006079
[setup reg-reg] _5673_/Q -> _5759_/D : -0.003332
