
===========================================================================
 report_power
============================================================================
======================= nom_tt_025C_1v80 Corner ===================================

Group                    Internal    Switching      Leakage        Total
                            Power        Power        Power        Power (Watts)
------------------------------------------------------------------------
Sequential           6.319186e-04 2.986881e-05 2.042344e-08 6.618078e-04  14.3%
Combinational        1.053458e-03 2.577344e-03 4.300497e-08 3.630846e-03  78.4%
Clock                1.207384e-04 2.185594e-04 7.233920e-09 3.393051e-04   7.3%
Macro                0.000000e+00 0.000000e+00 0.000000e+00 0.000000e+00   0.0%
Pad                  0.000000e+00 0.000000e+00 0.000000e+00 0.000000e+00   0.0%
------------------------------------------------------------------------
Total                1.806112e-03 2.825772e-03 7.065675e-08 4.631955e-03 100.0%
                            39.0%        61.0%         0.0%

