Clock: clk
Sources: clk 
Generated: no
Virtual: yes
Propagated: no
Period: 40.000000

===========================================================================
report_clock_properties
============================================================================
Clock                   Period          Waveform
----------------------------------------------------
clk                  40.000000    0.000000 20.000000

===========================================================================
report_clock_latency
============================================================================
Clock clk
rise -> rise
    min     max
0.000000 0.000000 source latency
1.287550         network latency _44650_/CLK
        1.797753 network latency _43635_/CLK
---------------
1.287550 1.797753 latency
        0.510203 skew

rise -> fall
    min     max
0.000000 0.000000 source latency
1.787596         network latency _43643_/CLK
        1.793606 network latency _43635_/CLK
---------------
1.787596 1.793606 latency
        0.006010 skew

fall -> fall
    min     max
0.000000 0.000000 source latency
1.021586         network latency _44650_/CLK
        1.311959 network latency _43858_/CLK
---------------
1.021586 1.311959 latency
        0.290372 skew



===========================================================================
report_clock_min_period
============================================================================
clk period_min = 11.48 fmax = 87.13
