
===========================================================================
 report_power
============================================================================
======================= max_ff_n40C_1v95 Corner ===================================

Group                    Internal    Switching      Leakage        Total
                            Power        Power        Power        Power (Watts)
------------------------------------------------------------------------
Sequential           5.379149e-03 2.285757e-03 6.415654e-08 7.664971e-03  19.3%
Combinational        7.812430e-03 2.066171e-02 2.157180e-07 2.847436e-02  71.6%
Clock                1.566249e-03 2.061136e-03 6.326367e-08 3.627448e-03   9.1%
Macro                0.000000e+00 0.000000e+00 0.000000e+00 0.000000e+00   0.0%
Pad                  0.000000e+00 0.000000e+00 0.000000e+00 0.000000e+00   0.0%
------------------------------------------------------------------------
Total                1.475784e-02 2.500862e-02 3.431337e-07 3.976681e-02 100.0%
                            37.1%        62.9%         0.0%

